Archive member included to satisfy reference by file (symbol)

C:/Users/jason/Documents/DaisyExamples/libdaisy/build\libdaisy.a(daisy_seed.o)
                              build/4_voice_synth.o (daisy::DaisySeed::Configure())
C:/Users/jason/Documents/DaisyExamples/libdaisy/build\libdaisy.a(sdram.o)
                              C:/Users/jason/Documents/DaisyExamples/libdaisy/build\libdaisy.a(daisy_seed.o) (dsy_sdram_init)
C:/Users/jason/Documents/DaisyExamples/libdaisy/build\libdaisy.a(audio.o)
                              C:/Users/jason/Documents/DaisyExamples/libdaisy/build\libdaisy.a(daisy_seed.o) (dsy_audio_init)
C:/Users/jason/Documents/DaisyExamples/libdaisy/build\libdaisy.a(gatein.o)
                              build/4_voice_synth.o (daisy::GateIn::Init(dsy_gpio_pin*))
C:/Users/jason/Documents/DaisyExamples/libdaisy/build\libdaisy.a(adc.o)
                              build/4_voice_synth.o (daisy::AdcChannelConfig::InitSingle(dsy_gpio_pin))
C:/Users/jason/Documents/DaisyExamples/libdaisy/build\libdaisy.a(gpio.o)
                              C:/Users/jason/Documents/DaisyExamples/libdaisy/build\libdaisy.a(daisy_seed.o) (dsy_gpio_init)
C:/Users/jason/Documents/DaisyExamples/libdaisy/build\libdaisy.a(qspi.o)
                              C:/Users/jason/Documents/DaisyExamples/libdaisy/build\libdaisy.a(daisy_seed.o) (dsy_qspi_init)
C:/Users/jason/Documents/DaisyExamples/libdaisy/build\libdaisy.a(sai.o)
                              C:/Users/jason/Documents/DaisyExamples/libdaisy/build\libdaisy.a(audio.o) (hsai_BlockA1)
C:/Users/jason/Documents/DaisyExamples/libdaisy/build\libdaisy.a(tim.o)
                              C:/Users/jason/Documents/DaisyExamples/libdaisy/build\libdaisy.a(daisy_seed.o) (dsy_tim_init)
C:/Users/jason/Documents/DaisyExamples/libdaisy/build\libdaisy.a(system.o)
                              C:/Users/jason/Documents/DaisyExamples/libdaisy/build\libdaisy.a(daisy_seed.o) (dsy_system_init)
C:/Users/jason/Documents/DaisyExamples/libdaisy/build\libdaisy.a(hal_map.o)
                              C:/Users/jason/Documents/DaisyExamples/libdaisy/build\libdaisy.a(sdram.o) (dsy_hal_map_get_port)
C:/Users/jason/Documents/DaisyExamples/libdaisy/build\libdaisy.a(stm32h7xx_hal.o)
                              C:/Users/jason/Documents/DaisyExamples/libdaisy/build\libdaisy.a(system.o) (HAL_Init)
C:/Users/jason/Documents/DaisyExamples/libdaisy/build\libdaisy.a(stm32h7xx_hal_adc.o)
                              C:/Users/jason/Documents/DaisyExamples/libdaisy/build\libdaisy.a(adc.o) (HAL_ADC_ConfigChannel)
C:/Users/jason/Documents/DaisyExamples/libdaisy/build\libdaisy.a(stm32h7xx_hal_adc_ex.o)
                              C:/Users/jason/Documents/DaisyExamples/libdaisy/build\libdaisy.a(adc.o) (HAL_ADCEx_Calibration_Start)
C:/Users/jason/Documents/DaisyExamples/libdaisy/build\libdaisy.a(stm32h7xx_hal_cortex.o)
                              C:/Users/jason/Documents/DaisyExamples/libdaisy/build\libdaisy.a(stm32h7xx_hal.o) (HAL_NVIC_SetPriorityGrouping)
C:/Users/jason/Documents/DaisyExamples/libdaisy/build\libdaisy.a(stm32h7xx_hal_dma.o)
                              C:/Users/jason/Documents/DaisyExamples/libdaisy/build\libdaisy.a(adc.o) (HAL_DMA_Init)
C:/Users/jason/Documents/DaisyExamples/libdaisy/build\libdaisy.a(stm32h7xx_hal_gpio.o)
                              C:/Users/jason/Documents/DaisyExamples/libdaisy/build\libdaisy.a(sdram.o) (HAL_GPIO_Init)
C:/Users/jason/Documents/DaisyExamples/libdaisy/build\libdaisy.a(stm32h7xx_hal_pwr_ex.o)
                              C:/Users/jason/Documents/DaisyExamples/libdaisy/build\libdaisy.a(system.o) (HAL_PWREx_ConfigSupply)
C:/Users/jason/Documents/DaisyExamples/libdaisy/build\libdaisy.a(stm32h7xx_hal_qspi.o)
                              C:/Users/jason/Documents/DaisyExamples/libdaisy/build\libdaisy.a(qspi.o) (HAL_QSPI_Init)
C:/Users/jason/Documents/DaisyExamples/libdaisy/build\libdaisy.a(stm32h7xx_hal_rcc.o)
                              C:/Users/jason/Documents/DaisyExamples/libdaisy/build\libdaisy.a(system.o) (HAL_RCC_OscConfig)
C:/Users/jason/Documents/DaisyExamples/libdaisy/build\libdaisy.a(stm32h7xx_hal_rcc_ex.o)
                              C:/Users/jason/Documents/DaisyExamples/libdaisy/build\libdaisy.a(system.o) (HAL_RCCEx_PeriphCLKConfig)
C:/Users/jason/Documents/DaisyExamples/libdaisy/build\libdaisy.a(stm32h7xx_hal_sai.o)
                              C:/Users/jason/Documents/DaisyExamples/libdaisy/build\libdaisy.a(sai.o) (HAL_SAI_InitProtocol)
C:/Users/jason/Documents/DaisyExamples/libdaisy/build\libdaisy.a(stm32h7xx_hal_sdram.o)
                              C:/Users/jason/Documents/DaisyExamples/libdaisy/build\libdaisy.a(sdram.o) (HAL_SDRAM_Init)
C:/Users/jason/Documents/DaisyExamples/libdaisy/build\libdaisy.a(stm32h7xx_hal_tim.o)
                              C:/Users/jason/Documents/DaisyExamples/libdaisy/build\libdaisy.a(tim.o) (HAL_TIM_Base_Init)
[...]
Memory Configuration

Name             Origin             Length             Attributes
FLASH            0x08000000         0x00020000         xr
DTCMRAM          0x20000000         0x00020000         xrw
SRAM             0x24000000         0x00080000         xrw
RAM_D2           0x30000000         0x00048000         xrw
RAM_D3           0x38000000         0x00010000         xrw
ITCMRAM          0x00000000         0x00010000         xrw
SDRAM            0xc0000000         0x04000000         xrw
QSPIFLASH        0x90000000         0x00800000         xr
*default*        0x00000000         0xffffffff

Linker script and memory map

LOAD c:/program files (x86)/gnu arm embedded toolchain/9 2020-q2-update/bin/../lib/gcc/arm-none-eabi/9.3.1/thumb/v7e-m+dp/hard/crti.o
LOAD c:/program files (x86)/gnu arm embedded toolchain/9 2020-q2-update/bin/../lib/gcc/arm-none-eabi/9.3.1/thumb/v7e-m+dp/hard/crtbegin.o
LOAD c:/program files (x86)/gnu arm embedded toolchain/9 2020-q2-update/bin/../lib/gcc/arm-none-eabi/9.3.1/../../../../arm-none-eabi/lib/thumb/v7e-m+dp/hard/crt0.o
LOAD build/system_stm32h7xx.o
LOAD build/startup_stm32h750xx.o
LOAD build/4_voice_synth.o
LOAD C:/Users/jason/Documents/DaisyExamples/libdaisy/build\libdaisy.a
LOAD c:/program files (x86)/gnu arm embedded toolchain/9 2020-q2-update/bin/../lib/gcc/arm-none-eabi/9.3.1/../../../../arm-none-eabi/lib/thumb/v7e-m+dp/hard\libnosys.a
LOAD C:/Users/jason/Documents/DaisyExamples/DaisySP/build\libdaisysp.a
LOAD c:/program files (x86)/gnu arm embedded toolchain/9 2020-q2-update/bin/../lib/gcc/arm-none-eabi/9.3.1/../../../../arm-none-eabi/lib/thumb/v7e-m+dp/hard\libstdc++_nano.a
LOAD c:/program files (x86)/gnu arm embedded toolchain/9 2020-q2-update/bin/../lib/gcc/arm-none-eabi/9.3.1/../../../../arm-none-eabi/lib/thumb/v7e-m+dp/hard\libm.a
LOAD c:/program files (x86)/gnu arm embedded toolchain/9 2020-q2-update/bin/../lib/gcc/arm-none-eabi/9.3.1/../../../../arm-none-eabi/lib/thumb/v7e-m+dp/hard\libc_nano.a
START GROUP
LOAD c:/program files (x86)/gnu arm embedded toolchain/9 2020-q2-update/bin/../lib/gcc/arm-none-eabi/9.3.1/thumb/v7e-m+dp/hard\libgcc.a
LOAD c:/program files (x86)/gnu arm embedded toolchain/9 2020-q2-update/bin/../lib/gcc/arm-none-eabi/9.3.1/../../../../arm-none-eabi/lib/thumb/v7e-m+dp/hard\libc_nano.a
END GROUP
START GROUP
LOAD c:/program files (x86)/gnu arm embedded toolchain/9 2020-q2-update/bin/../lib/gcc/arm-none-eabi/9.3.1/thumb/v7e-m+dp/hard\libgcc.a
LOAD c:/program files (x86)/gnu arm embedded toolchain/9 2020-q2-update/bin/../lib/gcc/arm-none-eabi/9.3.1/../../../../arm-none-eabi/lib/thumb/v7e-m+dp/hard\libc_nano.a
LOAD c:/program files (x86)/gnu arm embedded toolchain/9 2020-q2-update/bin/../lib/gcc/arm-none-eabi/9.3.1/../../../../arm-none-eabi/lib/thumb/v7e-m+dp/hard\libnosys.a
END GROUP
START GROUP
LOAD c:/program files (x86)/gnu arm embedded toolchain/9 2020-q2-update/bin/../lib/gcc/arm-none-eabi/9.3.1/thumb/v7e-m+dp/hard\libgcc.a
LOAD c:/program files (x86)/gnu arm embedded toolchain/9 2020-q2-update/bin/../lib/gcc/arm-none-eabi/9.3.1/../../../../arm-none-eabi/lib/thumb/v7e-m+dp/hard\libc_nano.a
LOAD c:/program files (x86)/gnu arm embedded toolchain/9 2020-q2-update/bin/../lib/gcc/arm-none-eabi/9.3.1/../../../../arm-none-eabi/lib/thumb/v7e-m+dp/hard\libnosys.a
END GROUP
LOAD c:/program files (x86)/gnu arm embedded toolchain/9 2020-q2-update/bin/../lib/gcc/arm-none-eabi/9.3.1/thumb/v7e-m+dp/hard/crtend.o
LOAD c:/program files (x86)/gnu arm embedded toolchain/9 2020-q2-update/bin/../lib/gcc/arm-none-eabi/9.3.1/thumb/v7e-m+dp/hard/crtn.o
                0x20020000                _estack = 0x20020000

.isr_vector     0x08000000      0x298
                0x08000000                . = ALIGN (0x4)
 *(.isr_vector)
 .isr_vector    0x08000000      0x298 build/startup_stm32h750xx.o
                0x08000000                g_pfnVectors
                0x08000298                . = ALIGN (0x4)

.text           0x08000298     0x9a38
                0x08000298                . = ALIGN (0x4)
                0x08000298                _stext = .
 *(.text)
 .text          0x08000298       0x40 c:/program files (x86)/gnu arm embedded toolchain/9 2020-q2-update/bin/../lib/gcc/arm-none-eabi/9.3.1/thumb/v7e-m+dp/hard/crtbegin.o
 .text          0x080002d8      0x378 c:/program files (x86)/gnu arm embedded toolchain/9 2020-q2-update/bin/../lib/gcc/arm-none-eabi/9.3.1/thumb/v7e-m+dp/hard\libgcc.a(_arm_addsubdf3.o)
                0x080002d8                __aeabi_drsub
                0x080002e0                __aeabi_dsub
                0x080002e0                __subdf3
                0x080002e4                __aeabi_dadd
                0x080002e4                __adddf3
                0x0800055c                __floatunsidf
                0x0800055c                __aeabi_ui2d
                0x0800057c                __floatsidf
                0x0800057c                __aeabi_i2d
                0x080005a0                __aeabi_f2d
                0x080005a0                __extendsfdf2
                0x080005e4                __floatundidf
                0x080005e4                __aeabi_ul2d
                0x080005f4                __floatdidf
                0x080005f4                __aeabi_l2d
 *(.text*)
 .text.SystemInit
                0x08000650       0x80 build/system_stm32h7xx.o
                0x08000650                SystemInit
 .text.Default_Handler
                0x080006d0        0x4 build/startup_stm32h750xx.o
                0x080006d0                RTC_Alarm_IRQHandler
                0x080006d0                HASH_RNG_IRQHandler
                0x080006d0                EXTI2_IRQHandler
                0x080006d0                TIM8_CC_IRQHandler
                0x080006d0                HRTIM1_Master_IRQHandler
                0x080006d0                DebugMon_Handler
                0x080006d0                UART8_IRQHandler
                0x080006d0                SPI4_IRQHandler
                0x080006d0                TIM1_CC_IRQHandler
                0x080006d0                BDMA_Channel6_IRQHandler
                0x080006d0                DMA2_Stream5_IRQHandler
                0x080006d0                HRTIM1_FLT_IRQHandler
                0x080006d0                JPEG_IRQHandler
                0x080006d0                DMA1_Stream5_IRQHandler
                0x080006d0                BDMA_Channel1_IRQHandler
                0x080006d0                HRTIM1_TIMD_IRQHandler
                0x080006d0                TAMP_STAMP_IRQHandler
                0x080006d0                PendSV_Handler
                0x080006d0                NMI_Handler
                0x080006d0                EXTI3_IRQHandler
                0x080006d0                LPTIM4_IRQHandler
                0x080006d0                TIM8_TRG_COM_TIM14_IRQHandler
                0x080006d0                LPTIM2_IRQHandler
                0x080006d0                DFSDM1_FLT1_IRQHandler
                0x080006d0                DMAMUX2_OVR_IRQHandler
                0x080006d0                TIM8_UP_TIM13_IRQHandler
                0x080006d0                I2C3_ER_IRQHandler
                0x080006d0                DFSDM1_FLT2_IRQHandler
                0x080006d0                MDMA_IRQHandler
                0x080006d0                LPTIM3_IRQHandler
                0x080006d0                HSEM1_IRQHandler
                0x080006d0                EXTI0_IRQHandler
                0x080006d0                FPU_IRQHandler
                0x080006d0                OTG_HS_WKUP_IRQHandler
                0x080006d0                FDCAN1_IT1_IRQHandler
                0x080006d0                UsageFault_Handler
                0x080006d0                LTDC_ER_IRQHandler
                0x080006d0                DMA2_Stream2_IRQHandler
                0x080006d0                HRTIM1_TIME_IRQHandler
                0x080006d0                SPI1_IRQHandler
                0x080006d0                TIM6_DAC_IRQHandler
                0x080006d0                DCMI_IRQHandler
                0x080006d0                HRTIM1_TIMC_IRQHandler
                0x080006d0                DMA2_Stream3_IRQHandler
                0x080006d0                SAI2_IRQHandler
                0x080006d0                DFSDM1_FLT3_IRQHandler
                0x080006d0                USART6_IRQHandler
                0x080006d0                TIM17_IRQHandler
                0x080006d0                USART3_IRQHandler
                0x080006d0                CRYP_IRQHandler
                0x080006d0                BDMA_Channel7_IRQHandler
                0x080006d0                LPTIM5_IRQHandler
                0x080006d0                UART5_IRQHandler
                0x080006d0                ADC3_IRQHandler
                0x080006d0                DMA2_Stream0_IRQHandler
                0x080006d0                TIM4_IRQHandler
                0x080006d0                BDMA_Channel2_IRQHandler
                0x080006d0                DMAMUX1_OVR_IRQHandler
                0x080006d0                TIM16_IRQHandler
                0x080006d0                UART4_IRQHandler
                0x080006d0                BDMA_Channel5_IRQHandler
                0x080006d0                TIM3_IRQHandler
                0x080006d0                RCC_IRQHandler
                0x080006d0                TIM8_BRK_TIM12_IRQHandler
                0x080006d0                TIM1_TRG_COM_IRQHandler
                0x080006d0                Default_Handler
                0x080006d0                ECC_IRQHandler
                0x080006d0                CEC_IRQHandler
                0x080006d0                EXTI15_10_IRQHandler
                0x080006d0                BDMA_Channel0_IRQHandler
                0x080006d0                ADC_IRQHandler
                0x080006d0                DMA1_Stream7_IRQHandler
                0x080006d0                HRTIM1_TIMA_IRQHandler
                0x080006d0                SPI5_IRQHandler
                0x080006d0                TIM7_IRQHandler
                0x080006d0                SDMMC1_IRQHandler
                0x080006d0                TIM5_IRQHandler
                0x080006d0                DMA2_Stream7_IRQHandler
                0x080006d0                TIM15_IRQHandler
                0x080006d0                PVD_AVD_IRQHandler
                0x080006d0                EXTI9_5_IRQHandler
                0x080006d0                RTC_WKUP_IRQHandler
                0x080006d0                LTDC_IRQHandler
                0x080006d0                SAI3_IRQHandler
                0x080006d0                ETH_WKUP_IRQHandler
                0x080006d0                SPDIF_RX_IRQHandler
                0x080006d0                SPI2_IRQHandler
                0x080006d0                OTG_HS_EP1_IN_IRQHandler
                0x080006d0                MemManage_Handler
                0x080006d0                SVC_Handler
                0x080006d0                CRS_IRQHandler
                0x080006d0                EXTI4_IRQHandler
                0x080006d0                HRTIM1_TIMB_IRQHandler
                0x080006d0                FDCAN2_IT1_IRQHandler
                0x080006d0                ETH_IRQHandler
                0x080006d0                TIM1_UP_IRQHandler
                0x080006d0                BDMA_Channel4_IRQHandler
                0x080006d0                OTG_HS_EP1_OUT_IRQHandler
                0x080006d0                WWDG_IRQHandler
                0x080006d0                SPI6_IRQHandler
                0x080006d0                I2C4_EV_IRQHandler
                0x080006d0                MDIOS_IRQHandler
                0x080006d0                FDCAN2_IT0_IRQHandler
                0x080006d0                LPUART1_IRQHandler
                0x080006d0                FDCAN1_IT0_IRQHandler
                0x080006d0                TIM2_IRQHandler
                0x080006d0                OTG_FS_WKUP_IRQHandler
                0x080006d0                OTG_HS_IRQHandler
                0x080006d0                DMA2D_IRQHandler
                0x080006d0                TIM1_BRK_IRQHandler
                0x080006d0                EXTI1_IRQHandler
                0x080006d0                SDMMC2_IRQHandler
                0x080006d0                OTG_FS_EP1_OUT_IRQHandler
                0x080006d0                BDMA_Channel3_IRQHandler
                0x080006d0                UART7_IRQHandler
                0x080006d0                MDIOS_WKUP_IRQHandler
                0x080006d0                USART2_IRQHandler
                0x080006d0                DFSDM1_FLT0_IRQHandler
                0x080006d0                SAI4_IRQHandler
                0x080006d0                I2C2_ER_IRQHandler
                0x080006d0                DMA2_Stream1_IRQHandler
                0x080006d0                FLASH_IRQHandler
                0x080006d0                DMA2_Stream4_IRQHandler
                0x080006d0                BusFault_Handler
                0x080006d0                USART1_IRQHandler
                0x080006d0                OTG_FS_IRQHandler
                0x080006d0                SPI3_IRQHandler
                0x080006d0                WAKEUP_PIN_IRQHandler
                0x080006d0                OTG_FS_EP1_IN_IRQHandler
                0x080006d0                I2C1_ER_IRQHandler
                0x080006d0                FMC_IRQHandler
                0x080006d0                FDCAN_CAL_IRQHandler
                0x080006d0                SWPMI1_IRQHandler
                0x080006d0                COMP1_IRQHandler
                0x080006d0                LPTIM1_IRQHandler
                0x080006d0                I2C4_ER_IRQHandler
                0x080006d0                DMA2_Stream6_IRQHandler
                0x080006d0                SAI1_IRQHandler
 .text.Reset_Handler
                0x080006d4       0x4c build/startup_stm32h750xx.o
                0x080006d4                Reset_Handler
 .text._ZN5daisy9DaisySeedD2Ev
                0x08000720        0x4 build/4_voice_synth.o
                0x08000720                daisy::DaisySeed::~DaisySeed()
                0x08000720                daisy::DaisySeed::~DaisySeed()
 .text.__tcf_0  0x08000724        0x4 build/4_voice_synth.o
 .text._ZL13AudioCallbackPfS_j
                0x08000728      0x134 build/4_voice_synth.o
 .text.__tcf_2  0x0800085c        0x4 build/4_voice_synth.o
 .text.__tcf_1  0x08000860        0x4 build/4_voice_synth.o
 .text.startup.main
                0x08000864      0x20c build/4_voice_synth.o
                0x08000864                main
 .text.startup._GLOBAL__sub_I_main
                0x08000a70       0x48 build/4_voice_synth.o
 .text._ZN5daisy9DaisySeed9ConfigureEv
                0x08000ab8       0xbc C:/Users/jason/Documents/DaisyExamples/libdaisy/build\libdaisy.a(daisy_seed.o)
                0x08000ab8                daisy::DaisySeed::Configure()
 .text._ZN5daisy9DaisySeed4InitEv
                0x08000b74       0x38 C:/Users/jason/Documents/DaisyExamples/libdaisy/build\libdaisy.a(daisy_seed.o)
                0x08000b74                daisy::DaisySeed::Init()
 .text._ZN5daisy9DaisySeed6GetPinEh
                0x08000bac       0x2c C:/Users/jason/Documents/DaisyExamples/libdaisy/build\libdaisy.a(daisy_seed.o)
                0x08000bac                daisy::DaisySeed::GetPin(unsigned char)
 .text._ZN5daisy9DaisySeed10StartAudioEPFvPfS1_jE
                0x08000bd8       0x14 C:/Users/jason/Documents/DaisyExamples/libdaisy/build\libdaisy.a(daisy_seed.o)
                0x08000bd8                daisy::DaisySeed::StartAudio(void (*)(float*, float*, unsigned int))
 .text._ZN5daisy9DaisySeed15AudioSampleRateEv
                0x08000bec        0xc C:/Users/jason/Documents/DaisyExamples/libdaisy/build\libdaisy.a(daisy_seed.o)
                0x08000bec                daisy::DaisySeed::AudioSampleRate()
 .text._ZN5daisy9DaisySeed17SetAudioBlockSizeEj
                0x08000bf8        0x8 C:/Users/jason/Documents/DaisyExamples/libdaisy/build\libdaisy.a(daisy_seed.o)
                0x08000bf8                daisy::DaisySeed::SetAudioBlockSize(unsigned int)
 .text.dsy_sdram_init
                0x08000c00      0x120 C:/Users/jason/Documents/DaisyExamples/libdaisy/build\libdaisy.a(sdram.o)
                0x08000c00                dsy_sdram_init
 .text.HAL_SDRAM_MspInit
                0x08000d20      0x1cc C:/Users/jason/Documents/DaisyExamples/libdaisy/build\libdaisy.a(sdram.o)
                0x08000d20                HAL_SDRAM_MspInit
 .text.combined_callback
                0x08000eec      0x3d4 C:/Users/jason/Documents/DaisyExamples/libdaisy/build\libdaisy.a(audio.o)
 .text.dsy_audio_passthru
                0x080012c0        0xc C:/Users/jason/Documents/DaisyExamples/libdaisy/build\libdaisy.a(audio.o)
                0x080012c0                dsy_audio_passthru
 .text.internal_callback
                0x080012cc      0x19c C:/Users/jason/Documents/DaisyExamples/libdaisy/build\libdaisy.a(audio.o)
 .text.DMA1_Stream0_IRQHandler
                0x08001468        0xc C:/Users/jason/Documents/DaisyExamples/libdaisy/build\libdaisy.a(audio.o)
                0x08001468                DMA1_Stream0_IRQHandler
 .text.DMA1_Stream1_IRQHandler
                0x08001474        0xc C:/Users/jason/Documents/DaisyExamples/libdaisy/build\libdaisy.a(audio.o)
                0x08001474                DMA1_Stream1_IRQHandler
 .text.DMA1_Stream3_IRQHandler
                0x08001480        0xc C:/Users/jason/Documents/DaisyExamples/libdaisy/build\libdaisy.a(audio.o)
                0x08001480                DMA1_Stream3_IRQHandler
 .text.DMA1_Stream4_IRQHandler
                0x0800148c        0xc C:/Users/jason/Documents/DaisyExamples/libdaisy/build\libdaisy.a(audio.o)
                0x0800148c                DMA1_Stream4_IRQHandler
 .text.dsy_audio_init
                0x08001498      0x1bc C:/Users/jason/Documents/DaisyExamples/libdaisy/build\libdaisy.a(audio.o)
                0x08001498                dsy_audio_init
 .text.dsy_audio_set_callback
                0x08001654       0x20 C:/Users/jason/Documents/DaisyExamples/libdaisy/build\libdaisy.a(audio.o)
                0x08001654                dsy_audio_set_callback
 .text.dsy_audio_set_blocksize
                0x08001674       0x2c C:/Users/jason/Documents/DaisyExamples/libdaisy/build\libdaisy.a(audio.o)
                0x08001674                dsy_audio_set_blocksize
 .text.dsy_audio_start
                0x080016a0       0xac C:/Users/jason/Documents/DaisyExamples/libdaisy/build\libdaisy.a(audio.o)
                0x080016a0                dsy_audio_start
 .text.HAL_SAI_RxHalfCpltCallback
                0x0800174c       0x2c C:/Users/jason/Documents/DaisyExamples/libdaisy/build\libdaisy.a(audio.o)
                0x0800174c                HAL_SAI_RxHalfCpltCallback
 .text.HAL_SAI_RxCpltCallback
                0x08001778       0x3c C:/Users/jason/Documents/DaisyExamples/libdaisy/build\libdaisy.a(audio.o)
                0x08001778                HAL_SAI_RxCpltCallback
 .text._ZN5daisy6GateIn4InitEP12dsy_gpio_pin
                0x080017b4       0x10 C:/Users/jason/Documents/DaisyExamples/libdaisy/build\libdaisy.a(gatein.o)
                0x080017b4                daisy::GateIn::Init(dsy_gpio_pin*)
 .text._ZN5daisy16AdcChannelConfig10InitSingleE12dsy_gpio_pin
                0x080017c4       0x1c C:/Users/jason/Documents/DaisyExamples/libdaisy/build\libdaisy.a(adc.o)
                0x080017c4                daisy::AdcChannelConfig::InitSingle(dsy_gpio_pin)
 .text._ZN5daisy9AdcHandle4InitEPNS_16AdcChannelConfigEjNS0_12OverSamplingE
                0x080017e0      0x5e8 C:/Users/jason/Documents/DaisyExamples/libdaisy/build\libdaisy.a(adc.o)
                0x080017e0                daisy::AdcHandle::Init(daisy::AdcChannelConfig*, unsigned int, daisy::AdcHandle::OverSampling)
 .text._ZN5daisy9AdcHandle5StartEv
                0x08001dc8       0x38 C:/Users/jason/Documents/DaisyExamples/libdaisy/build\libdaisy.a(adc.o)
                0x08001dc8                daisy::AdcHandle::Start()
 .text._ZNK5daisy9AdcHandle8GetFloatEh
                0x08001e00       0x20 C:/Users/jason/Documents/DaisyExamples/libdaisy/build\libdaisy.a(adc.o)
                0x08001e00                daisy::AdcHandle::GetFloat(unsigned char) const
 .text.HAL_ADC_MspInit
                0x08001e20       0x8c C:/Users/jason/Documents/DaisyExamples/libdaisy/build\libdaisy.a(adc.o)
                0x08001e20                HAL_ADC_MspInit
 .text.DMA1_Stream2_IRQHandler
                0x08001eac        0xc C:/Users/jason/Documents/DaisyExamples/libdaisy/build\libdaisy.a(adc.o)
                0x08001eac                DMA1_Stream2_IRQHandler
 .text.HAL_ADC_ConvHalfCpltCallback
                0x08001eb8       0xb8 C:/Users/jason/Documents/DaisyExamples/libdaisy/build\libdaisy.a(adc.o)
                0x08001eb8                HAL_ADC_ConvHalfCpltCallback
 .text.dsy_gpio_init
                0x08001f70       0x58 C:/Users/jason/Documents/DaisyExamples/libdaisy/build\libdaisy.a(gpio.o)
                0x08001f70                dsy_gpio_init
 .text.dsy_gpio_read
                0x08001fc8       0x1c C:/Users/jason/Documents/DaisyExamples/libdaisy/build\libdaisy.a(gpio.o)
                0x08001fc8                dsy_gpio_read
 .text.dsy_gpio_write
                0x08001fe4       0x24 C:/Users/jason/Documents/DaisyExamples/libdaisy/build\libdaisy.a(gpio.o)
                0x08001fe4                dsy_gpio_write
 .text.dsy_qspi_init
                0x08002008      0x390 C:/Users/jason/Documents/DaisyExamples/libdaisy/build\libdaisy.a(qspi.o)
                0x08002008                dsy_qspi_init
 .text.HAL_QSPI_MspInit
                0x08002398      0x10c C:/Users/jason/Documents/DaisyExamples/libdaisy/build\libdaisy.a(qspi.o)
                0x08002398                HAL_QSPI_MspInit
 .text.HAL_QSPI_MspDeInit
                0x080024a4       0x58 C:/Users/jason/Documents/DaisyExamples/libdaisy/build\libdaisy.a(qspi.o)
                0x080024a4                HAL_QSPI_MspDeInit
 .text.QUADSPI_IRQHandler
                0x080024fc        0xc C:/Users/jason/Documents/DaisyExamples/libdaisy/build\libdaisy.a(qspi.o)
                0x080024fc                QUADSPI_IRQHandler
 .text.dsy_sai2_init
                0x08002508       0x78 C:/Users/jason/Documents/DaisyExamples/libdaisy/build\libdaisy.a(sai.o)
 .text.dsy_sai_blocks_init.constprop.0
                0x08002580       0xa4 C:/Users/jason/Documents/DaisyExamples/libdaisy/build\libdaisy.a(sai.o)
 .text.dsy_sai_init_from_handle
                0x08002624       0x88 C:/Users/jason/Documents/DaisyExamples/libdaisy/build\libdaisy.a(sai.o)
                0x08002624                dsy_sai_init_from_handle
 .text.HAL_SAI_MspInit
                0x080026ac      0x41c C:/Users/jason/Documents/DaisyExamples/libdaisy/build\libdaisy.a(sai.o)
                0x080026ac                HAL_SAI_MspInit
 .text.dsy_tim_init
                0x08002ac8       0x70 C:/Users/jason/Documents/DaisyExamples/libdaisy/build\libdaisy.a(tim.o)
                0x08002ac8                dsy_tim_init
 .text.dsy_tim_start
                0x08002b38        0xc C:/Users/jason/Documents/DaisyExamples/libdaisy/build\libdaisy.a(tim.o)
                0x08002b38                dsy_tim_start
 .text.HAL_TIM_Base_MspInit
                0x08002b44       0x30 C:/Users/jason/Documents/DaisyExamples/libdaisy/build\libdaisy.a(tim.o)
                0x08002b44                HAL_TIM_Base_MspInit
 *fill*         0x08002b74        0x4 
 .text.SystemClock_Config
                0x08002b78      0x17c C:/Users/jason/Documents/DaisyExamples/libdaisy/build\libdaisy.a(system.o)
 .text.SysTick_Handler
                0x08002cf4       0x10 C:/Users/jason/Documents/DaisyExamples/libdaisy/build\libdaisy.a(system.o)
                0x08002cf4                SysTick_Handler
 .text.HardFault_Handler
                0x08002d04        0x4 C:/Users/jason/Documents/DaisyExamples/libdaisy/build\libdaisy.a(system.o)
                0x08002d04                HardFault_Handler
 .text.dsy_system_init
                0x08002d08       0xe0 C:/Users/jason/Documents/DaisyExamples/libdaisy/build\libdaisy.a(system.o)
                0x08002d08                dsy_system_init
 .text.dsy_system_delay
                0x08002de8        0x4 C:/Users/jason/Documents/DaisyExamples/libdaisy/build\libdaisy.a(system.o)
                0x08002de8                dsy_system_delay
 .text.dsy_hal_map_get_port
                0x08002dec       0x10 C:/Users/jason/Documents/DaisyExamples/libdaisy/build\libdaisy.a(hal_map.o)
                0x08002dec                dsy_hal_map_get_port
 .text.dsy_hal_map_get_pin
                0x08002dfc       0x10 C:/Users/jason/Documents/DaisyExamples/libdaisy/build\libdaisy.a(hal_map.o)
                0x08002dfc                dsy_hal_map_get_pin
 .text.HAL_MspInit
                0x08002e0c        0x4 C:/Users/jason/Documents/DaisyExamples/libdaisy/build\libdaisy.a(stm32h7xx_hal.o)
                0x08002e0c                HAL_MspInit
 .text.HAL_InitTick
                0x08002e10       0x4c C:/Users/jason/Documents/DaisyExamples/libdaisy/build\libdaisy.a(stm32h7xx_hal.o)
                0x08002e10                HAL_InitTick
 .text.HAL_Init
                0x08002e5c       0x5c C:/Users/jason/Documents/DaisyExamples/libdaisy/build\libdaisy.a(stm32h7xx_hal.o)
                0x08002e5c                HAL_Init
 .text.HAL_IncTick
                0x08002eb8       0x18 C:/Users/jason/Documents/DaisyExamples/libdaisy/build\libdaisy.a(stm32h7xx_hal.o)
                0x08002eb8                HAL_IncTick
 .text.HAL_GetTick
                0x08002ed0        0xc C:/Users/jason/Documents/DaisyExamples/libdaisy/build\libdaisy.a(stm32h7xx_hal.o)
                0x08002ed0                HAL_GetTick
 .text.HAL_Delay
                0x08002edc       0x24 C:/Users/jason/Documents/DaisyExamples/libdaisy/build\libdaisy.a(stm32h7xx_hal.o)
                0x08002edc                HAL_Delay
 .text.HAL_GetREVID
                0x08002f00        0xc C:/Users/jason/Documents/DaisyExamples/libdaisy/build\libdaisy.a(stm32h7xx_hal.o)
                0x08002f00                HAL_GetREVID
 .text.HAL_ADC_ConvCpltCallback
                0x08002f0c        0x4 C:/Users/jason/Documents/DaisyExamples/libdaisy/build\libdaisy.a(stm32h7xx_hal_adc.o)
                0x08002f0c                HAL_ADC_ConvCpltCallback
 .text.ADC_DMAHalfConvCplt
                0x08002f10        0xc C:/Users/jason/Documents/DaisyExamples/libdaisy/build\libdaisy.a(stm32h7xx_hal_adc.o)
                0x08002f10                ADC_DMAHalfConvCplt
 .text.HAL_ADC_ErrorCallback
                0x08002f1c        0x4 C:/Users/jason/Documents/DaisyExamples/libdaisy/build\libdaisy.a(stm32h7xx_hal_adc.o)
                0x08002f1c                HAL_ADC_ErrorCallback
 .text.ADC_DMAConvCplt
                0x08002f20       0x6c C:/Users/jason/Documents/DaisyExamples/libdaisy/build\libdaisy.a(stm32h7xx_hal_adc.o)
                0x08002f20                ADC_DMAConvCplt
 .text.ADC_DMAError
                0x08002f8c       0x1c C:/Users/jason/Documents/DaisyExamples/libdaisy/build\libdaisy.a(stm32h7xx_hal_adc.o)
                0x08002f8c                ADC_DMAError
 .text.HAL_ADC_ConfigChannel
                0x08002fa8      0x3fc C:/Users/jason/Documents/DaisyExamples/libdaisy/build\libdaisy.a(stm32h7xx_hal_adc.o)
                0x08002fa8                HAL_ADC_ConfigChannel
 .text.ADC_Enable
                0x080033a4       0xac C:/Users/jason/Documents/DaisyExamples/libdaisy/build\libdaisy.a(stm32h7xx_hal_adc.o)
                0x080033a4                ADC_Enable
 .text.HAL_ADC_Start_DMA
                0x08003450      0x118 C:/Users/jason/Documents/DaisyExamples/libdaisy/build\libdaisy.a(stm32h7xx_hal_adc.o)
                0x08003450                HAL_ADC_Start_DMA
 .text.ADC_Disable
                0x08003568       0x68 C:/Users/jason/Documents/DaisyExamples/libdaisy/build\libdaisy.a(stm32h7xx_hal_adc.o)
                0x08003568                ADC_Disable
 .text.ADC_ConfigureBoostMode
                0x080035d0      0x190 C:/Users/jason/Documents/DaisyExamples/libdaisy/build\libdaisy.a(stm32h7xx_hal_adc.o)
                0x080035d0                ADC_ConfigureBoostMode
 .text.HAL_ADC_Init
                0x08003760      0x214 C:/Users/jason/Documents/DaisyExamples/libdaisy/build\libdaisy.a(stm32h7xx_hal_adc.o)
                0x08003760                HAL_ADC_Init
 .text.HAL_ADCEx_Calibration_Start
                0x08003974       0xa4 C:/Users/jason/Documents/DaisyExamples/libdaisy/build\libdaisy.a(stm32h7xx_hal_adc_ex.o)
                0x08003974                HAL_ADCEx_Calibration_Start
 .text.HAL_ADCEx_MultiModeConfigChannel
                0x08003a18       0xc4 C:/Users/jason/Documents/DaisyExamples/libdaisy/build\libdaisy.a(stm32h7xx_hal_adc_ex.o)
                0x08003a18                HAL_ADCEx_MultiModeConfigChannel
 .text.HAL_NVIC_SetPriorityGrouping
                0x08003adc       0x28 C:/Users/jason/Documents/DaisyExamples/libdaisy/build\libdaisy.a(stm32h7xx_hal_cortex.o)
                0x08003adc                HAL_NVIC_SetPriorityGrouping
 .text.HAL_NVIC_SetPriority
                0x08003b04       0x74 C:/Users/jason/Documents/DaisyExamples/libdaisy/build\libdaisy.a(stm32h7xx_hal_cortex.o)
                0x08003b04                HAL_NVIC_SetPriority
 .text.HAL_NVIC_EnableIRQ
                0x08003b78       0x1c C:/Users/jason/Documents/DaisyExamples/libdaisy/build\libdaisy.a(stm32h7xx_hal_cortex.o)
                0x08003b78                HAL_NVIC_EnableIRQ
 .text.HAL_NVIC_DisableIRQ
                0x08003b94       0x28 C:/Users/jason/Documents/DaisyExamples/libdaisy/build\libdaisy.a(stm32h7xx_hal_cortex.o)
                0x08003b94                HAL_NVIC_DisableIRQ
 .text.HAL_SYSTICK_Config
                0x08003bbc       0x30 C:/Users/jason/Documents/DaisyExamples/libdaisy/build\libdaisy.a(stm32h7xx_hal_cortex.o)
                0x08003bbc                HAL_SYSTICK_Config
 .text.HAL_MPU_Disable
                0x08003bec       0x20 C:/Users/jason/Documents/DaisyExamples/libdaisy/build\libdaisy.a(stm32h7xx_hal_cortex.o)
                0x08003bec                HAL_MPU_Disable
 .text.HAL_MPU_Enable
                0x08003c0c       0x24 C:/Users/jason/Documents/DaisyExamples/libdaisy/build\libdaisy.a(stm32h7xx_hal_cortex.o)
                0x08003c0c                HAL_MPU_Enable
 .text.HAL_MPU_ConfigRegion
                0x08003c30       0x50 C:/Users/jason/Documents/DaisyExamples/libdaisy/build\libdaisy.a(stm32h7xx_hal_cortex.o)
                0x08003c30                HAL_MPU_ConfigRegion
 .text.HAL_SYSTICK_Callback
                0x08003c80        0x4 C:/Users/jason/Documents/DaisyExamples/libdaisy/build\libdaisy.a(stm32h7xx_hal_cortex.o)
                0x08003c80                HAL_SYSTICK_Callback
 .text.HAL_SYSTICK_IRQHandler
                0x08003c84        0x8 C:/Users/jason/Documents/DaisyExamples/libdaisy/build\libdaisy.a(stm32h7xx_hal_cortex.o)
                0x08003c84                HAL_SYSTICK_IRQHandler
 .text.DMA_CalcBaseAndBitshift
                0x08003c8c       0xf8 C:/Users/jason/Documents/DaisyExamples/libdaisy/build\libdaisy.a(stm32h7xx_hal_dma.o)
 .text.DMA_CalcDMAMUXChannelBaseAndMask
                0x08003d84       0xd8 C:/Users/jason/Documents/DaisyExamples/libdaisy/build\libdaisy.a(stm32h7xx_hal_dma.o)
 .text.HAL_DMA_Init
                0x08003e5c      0x394 C:/Users/jason/Documents/DaisyExamples/libdaisy/build\libdaisy.a(stm32h7xx_hal_dma.o)
                0x08003e5c                HAL_DMA_Init
 .text.HAL_DMA_Start_IT
                0x080041f0      0x250 C:/Users/jason/Documents/DaisyExamples/libdaisy/build\libdaisy.a(stm32h7xx_hal_dma.o)
                0x080041f0                HAL_DMA_Start_IT
 .text.HAL_DMA_IRQHandler
                0x08004440      0x6bc C:/Users/jason/Documents/DaisyExamples/libdaisy/build\libdaisy.a(stm32h7xx_hal_dma.o)
                0x08004440                HAL_DMA_IRQHandler
 .text.HAL_DMA_GetError
                0x08004afc        0x4 C:/Users/jason/Documents/DaisyExamples/libdaisy/build\libdaisy.a(stm32h7xx_hal_dma.o)
                0x08004afc                HAL_DMA_GetError
 .text.HAL_GPIO_Init
                0x08004b00      0x248 C:/Users/jason/Documents/DaisyExamples/libdaisy/build\libdaisy.a(stm32h7xx_hal_gpio.o)
                0x08004b00                HAL_GPIO_Init
 .text.HAL_GPIO_DeInit
                0x08004d48      0x19c C:/Users/jason/Documents/DaisyExamples/libdaisy/build\libdaisy.a(stm32h7xx_hal_gpio.o)
                0x08004d48                HAL_GPIO_DeInit
 .text.HAL_GPIO_ReadPin
                0x08004ee4        0xc C:/Users/jason/Documents/DaisyExamples/libdaisy/build\libdaisy.a(stm32h7xx_hal_gpio.o)
                0x08004ee4                HAL_GPIO_ReadPin
 .text.HAL_GPIO_WritePin
                0x08004ef0        0x8 C:/Users/jason/Documents/DaisyExamples/libdaisy/build\libdaisy.a(stm32h7xx_hal_gpio.o)
                0x08004ef0                HAL_GPIO_WritePin
 .text.HAL_PWREx_ConfigSupply
                0x08004ef8       0x4c C:/Users/jason/Documents/DaisyExamples/libdaisy/build\libdaisy.a(stm32h7xx_hal_pwr_ex.o)
                0x08004ef8                HAL_PWREx_ConfigSupply
 .text.HAL_PWREx_EnableUSBVoltageDetector
                0x08004f44       0x10 C:/Users/jason/Documents/DaisyExamples/libdaisy/build\libdaisy.a(stm32h7xx_hal_pwr_ex.o)
                0x08004f44                HAL_PWREx_EnableUSBVoltageDetector
 .text.QSPI_Config
                0x08004f54      0x1d4 C:/Users/jason/Documents/DaisyExamples/libdaisy/build\libdaisy.a(stm32h7xx_hal_qspi.o)
 .text.HAL_QSPI_Init
                0x08005128       0xd8 C:/Users/jason/Documents/DaisyExamples/libdaisy/build\libdaisy.a(stm32h7xx_hal_qspi.o)
                0x08005128                HAL_QSPI_Init
 .text.HAL_QSPI_DeInit
                0x08005200       0x3c C:/Users/jason/Documents/DaisyExamples/libdaisy/build\libdaisy.a(stm32h7xx_hal_qspi.o)
                0x08005200                HAL_QSPI_DeInit
 .text.HAL_QSPI_Command
                0x0800523c       0xd4 C:/Users/jason/Documents/DaisyExamples/libdaisy/build\libdaisy.a(stm32h7xx_hal_qspi.o)
                0x0800523c                HAL_QSPI_Command
 .text.HAL_QSPI_Transmit
                0x08005310       0xfc C:/Users/jason/Documents/DaisyExamples/libdaisy/build\libdaisy.a(stm32h7xx_hal_qspi.o)
                0x08005310                HAL_QSPI_Transmit
 .text.HAL_QSPI_Receive
                0x0800540c      0x108 C:/Users/jason/Documents/DaisyExamples/libdaisy/build\libdaisy.a(stm32h7xx_hal_qspi.o)
                0x0800540c                HAL_QSPI_Receive
 .text.HAL_QSPI_AutoPolling
                0x08005514       0xe8 C:/Users/jason/Documents/DaisyExamples/libdaisy/build\libdaisy.a(stm32h7xx_hal_qspi.o)
                0x08005514                HAL_QSPI_AutoPolling
 .text.HAL_QSPI_MemoryMapped
                0x080055fc       0xb8 C:/Users/jason/Documents/DaisyExamples/libdaisy/build\libdaisy.a(stm32h7xx_hal_qspi.o)
                0x080055fc                HAL_QSPI_MemoryMapped
 .text.HAL_QSPI_ErrorCallback
                0x080056b4        0x4 C:/Users/jason/Documents/DaisyExamples/libdaisy/build\libdaisy.a(stm32h7xx_hal_qspi.o)
                0x080056b4                HAL_QSPI_ErrorCallback
 .text.QSPI_DMAAbortCplt
                0x080056b8       0x38 C:/Users/jason/Documents/DaisyExamples/libdaisy/build\libdaisy.a(stm32h7xx_hal_qspi.o)
 .text.HAL_QSPI_AbortCpltCallback
                0x080056f0        0x4 C:/Users/jason/Documents/DaisyExamples/libdaisy/build\libdaisy.a(stm32h7xx_hal_qspi.o)
                0x080056f0                HAL_QSPI_AbortCpltCallback
 .text.HAL_QSPI_CmdCpltCallback
                0x080056f4        0x4 C:/Users/jason/Documents/DaisyExamples/libdaisy/build\libdaisy.a(stm32h7xx_hal_qspi.o)
                0x080056f4                HAL_QSPI_CmdCpltCallback
 .text.HAL_QSPI_RxCpltCallback
                0x080056f8        0x4 C:/Users/jason/Documents/DaisyExamples/libdaisy/build\libdaisy.a(stm32h7xx_hal_qspi.o)
                0x080056f8                HAL_QSPI_RxCpltCallback
 .text.HAL_QSPI_TxCpltCallback
                0x080056fc        0x4 C:/Users/jason/Documents/DaisyExamples/libdaisy/build\libdaisy.a(stm32h7xx_hal_qspi.o)
                0x080056fc                HAL_QSPI_TxCpltCallback
 .text.HAL_QSPI_FifoThresholdCallback
                0x08005700        0x4 C:/Users/jason/Documents/DaisyExamples/libdaisy/build\libdaisy.a(stm32h7xx_hal_qspi.o)
                0x08005700                HAL_QSPI_FifoThresholdCallback
 .text.HAL_QSPI_StatusMatchCallback
                0x08005704        0x4 C:/Users/jason/Documents/DaisyExamples/libdaisy/build\libdaisy.a(stm32h7xx_hal_qspi.o)
                0x08005704                HAL_QSPI_StatusMatchCallback
 .text.HAL_QSPI_TimeOutCallback
                0x08005708        0x4 C:/Users/jason/Documents/DaisyExamples/libdaisy/build\libdaisy.a(stm32h7xx_hal_qspi.o)
                0x08005708                HAL_QSPI_TimeOutCallback
 .text.HAL_QSPI_IRQHandler
                0x0800570c      0x210 C:/Users/jason/Documents/DaisyExamples/libdaisy/build\libdaisy.a(stm32h7xx_hal_qspi.o)
                0x0800570c                HAL_QSPI_IRQHandler
 .text.HAL_RCC_OscConfig
                0x0800591c      0x538 C:/Users/jason/Documents/DaisyExamples/libdaisy/build\libdaisy.a(stm32h7xx_hal_rcc.o)
                0x0800591c                HAL_RCC_OscConfig
 .text.HAL_RCC_GetSysClockFreq
                0x08005e54      0x140 C:/Users/jason/Documents/DaisyExamples/libdaisy/build\libdaisy.a(stm32h7xx_hal_rcc.o)
                0x08005e54                HAL_RCC_GetSysClockFreq
 .text.HAL_RCC_ClockConfig
                0x08005f94      0x234 C:/Users/jason/Documents/DaisyExamples/libdaisy/build\libdaisy.a(stm32h7xx_hal_rcc.o)
                0x08005f94                HAL_RCC_ClockConfig
 .text.HAL_RCC_GetHCLKFreq
                0x080061c8       0x2c C:/Users/jason/Documents/DaisyExamples/libdaisy/build\libdaisy.a(stm32h7xx_hal_rcc.o)
                0x080061c8                HAL_RCC_GetHCLKFreq
 .text.RCCEx_PLL2_Config
                0x080061f4       0xf8 C:/Users/jason/Documents/DaisyExamples/libdaisy/build\libdaisy.a(stm32h7xx_hal_rcc_ex.o)
 .text.RCCEx_PLL3_Config
                0x080062ec       0xf8 C:/Users/jason/Documents/DaisyExamples/libdaisy/build\libdaisy.a(stm32h7xx_hal_rcc_ex.o)
 .text.HAL_RCCEx_PeriphCLKConfig
                0x080063e4      0xa7c C:/Users/jason/Documents/DaisyExamples/libdaisy/build\libdaisy.a(stm32h7xx_hal_rcc_ex.o)
                0x080063e4                HAL_RCCEx_PeriphCLKConfig
 .text.HAL_RCCEx_GetPLL2ClockFreq
                0x08006e60      0x17c C:/Users/jason/Documents/DaisyExamples/libdaisy/build\libdaisy.a(stm32h7xx_hal_rcc_ex.o)
                0x08006e60                HAL_RCCEx_GetPLL2ClockFreq
 .text.HAL_RCCEx_GetPLL3ClockFreq
                0x08006fdc      0x17c C:/Users/jason/Documents/DaisyExamples/libdaisy/build\libdaisy.a(stm32h7xx_hal_rcc_ex.o)
                0x08006fdc                HAL_RCCEx_GetPLL3ClockFreq
 .text.HAL_RCCEx_GetPLL1ClockFreq
                0x08007158      0x17c C:/Users/jason/Documents/DaisyExamples/libdaisy/build\libdaisy.a(stm32h7xx_hal_rcc_ex.o)
                0x08007158                HAL_RCCEx_GetPLL1ClockFreq
 .text.HAL_RCCEx_GetPeriphCLKFreq
                0x080072d4      0x198 C:/Users/jason/Documents/DaisyExamples/libdaisy/build\libdaisy.a(stm32h7xx_hal_rcc_ex.o)
                0x080072d4                HAL_RCCEx_GetPeriphCLKFreq
 .text.HAL_RCCEx_GetD1SysClockFreq
                0x0800746c       0x2c C:/Users/jason/Documents/DaisyExamples/libdaisy/build\libdaisy.a(stm32h7xx_hal_rcc_ex.o)
                0x0800746c                HAL_RCCEx_GetD1SysClockFreq
 .text.HAL_SAI_Init.part.0
                0x08007498      0x364 C:/Users/jason/Documents/DaisyExamples/libdaisy/build\libdaisy.a(stm32h7xx_hal_sai.o)
 .text.HAL_SAI_InitProtocol
                0x080077fc      0x184 C:/Users/jason/Documents/DaisyExamples/libdaisy/build\libdaisy.a(stm32h7xx_hal_sai.o)
                0x080077fc                HAL_SAI_InitProtocol
 .text.HAL_SAI_Transmit_DMA
                0x08007980      0x124 C:/Users/jason/Documents/DaisyExamples/libdaisy/build\libdaisy.a(stm32h7xx_hal_sai.o)
                0x08007980                HAL_SAI_Transmit_DMA
 .text.HAL_SAI_Receive_DMA
                0x08007aa4       0xcc C:/Users/jason/Documents/DaisyExamples/libdaisy/build\libdaisy.a(stm32h7xx_hal_sai.o)
                0x08007aa4                HAL_SAI_Receive_DMA
 .text.HAL_SAI_TxCpltCallback
                0x08007b70        0x4 C:/Users/jason/Documents/DaisyExamples/libdaisy/build\libdaisy.a(stm32h7xx_hal_sai.o)
                0x08007b70                HAL_SAI_TxCpltCallback
 .text.SAI_DMATxCplt
                0x08007b74       0x60 C:/Users/jason/Documents/DaisyExamples/libdaisy/build\libdaisy.a(stm32h7xx_hal_sai.o)
 .text.HAL_SAI_TxHalfCpltCallback
                0x08007bd4        0x4 C:/Users/jason/Documents/DaisyExamples/libdaisy/build\libdaisy.a(stm32h7xx_hal_sai.o)
                0x08007bd4                HAL_SAI_TxHalfCpltCallback
 .text.SAI_DMATxHalfCplt
                0x08007bd8        0xc C:/Users/jason/Documents/DaisyExamples/libdaisy/build\libdaisy.a(stm32h7xx_hal_sai.o)
 .text.SAI_DMARxCplt
                0x08007be4       0x60 C:/Users/jason/Documents/DaisyExamples/libdaisy/build\libdaisy.a(stm32h7xx_hal_sai.o)
 .text.SAI_DMARxHalfCplt
                0x08007c44        0xc C:/Users/jason/Documents/DaisyExamples/libdaisy/build\libdaisy.a(stm32h7xx_hal_sai.o)
 .text.HAL_SAI_ErrorCallback
                0x08007c50        0x4 C:/Users/jason/Documents/DaisyExamples/libdaisy/build\libdaisy.a(stm32h7xx_hal_sai.o)
                0x08007c50                HAL_SAI_ErrorCallback
 .text.SAI_DMAError
                0x08007c54       0x6c C:/Users/jason/Documents/DaisyExamples/libdaisy/build\libdaisy.a(stm32h7xx_hal_sai.o)
 .text.HAL_SDRAM_Init
                0x08007cc0       0x54 C:/Users/jason/Documents/DaisyExamples/libdaisy/build\libdaisy.a(stm32h7xx_hal_sdram.o)
                0x08007cc0                HAL_SDRAM_Init
 .text.HAL_SDRAM_SendCommand
                0x08007d14       0x40 C:/Users/jason/Documents/DaisyExamples/libdaisy/build\libdaisy.a(stm32h7xx_hal_sdram.o)
                0x08007d14                HAL_SDRAM_SendCommand
 .text.HAL_SDRAM_ProgramRefreshRate
                0x08007d54       0x30 C:/Users/jason/Documents/DaisyExamples/libdaisy/build\libdaisy.a(stm32h7xx_hal_sdram.o)
                0x08007d54                HAL_SDRAM_ProgramRefreshRate
 .text.HAL_TIM_Base_Init
                0x08007d84      0x130 C:/Users/jason/Documents/DaisyExamples/libdaisy/build\libdaisy.a(stm32h7xx_hal_tim.o)
                0x08007d84                HAL_TIM_Base_Init
 .text.HAL_TIM_Base_Start
                0x08007eb4       0x38 C:/Users/jason/Documents/DaisyExamples/libdaisy/build\libdaisy.a(stm32h7xx_hal_tim.o)
                0x08007eb4                HAL_TIM_Base_Start
 .text.HAL_TIM_ConfigClockSource
                0x08007eec      0x17c C:/Users/jason/Documents/DaisyExamples/libdaisy/build\libdaisy.a(stm32h7xx_hal_tim.o)
                0x08007eec                HAL_TIM_ConfigClockSource
 .text.HAL_TIMEx_MasterConfigSynchronization
                0x08008068       0x60 C:/Users/jason/Documents/DaisyExamples/libdaisy/build\libdaisy.a(stm32h7xx_hal_tim_ex.o)
                0x08008068                HAL_TIMEx_MasterConfigSynchronization
 .text.FMC_SDRAM_Init
                0x080080c8       0x78 C:/Users/jason/Documents/DaisyExamples/libdaisy/build\libdaisy.a(stm32h7xx_ll_fmc.o)
                0x080080c8                FMC_SDRAM_Init
 .text.FMC_SDRAM_Timing_Init
                0x08008140       0x98 C:/Users/jason/Documents/DaisyExamples/libdaisy/build\libdaisy.a(stm32h7xx_ll_fmc.o)
                0x08008140                FMC_SDRAM_Timing_Init
 .text.FMC_SDRAM_SendCommand
                0x080081d8       0x24 C:/Users/jason/Documents/DaisyExamples/libdaisy/build\libdaisy.a(stm32h7xx_ll_fmc.o)
                0x080081d8                FMC_SDRAM_SendCommand
 .text.FMC_SDRAM_ProgramRefreshRate
                0x080081fc       0x1c C:/Users/jason/Documents/DaisyExamples/libdaisy/build\libdaisy.a(stm32h7xx_ll_fmc.o)
                0x080081fc                FMC_SDRAM_ProgramRefreshRate
 .text.codec_ak4556_init
                0x08008218       0x34 C:/Users/jason/Documents/DaisyExamples/libdaisy/build\libdaisy.a(codec_ak4556.o)
                0x08008218                codec_ak4556_init
 .text.dsy_i2c_global_init
                0x0800824c       0x70 C:/Users/jason/Documents/DaisyExamples/libdaisy/build\libdaisy.a(i2c.o)
                0x0800824c                dsy_i2c_global_init
 .text.DMA1_Stream6_IRQHandler
                0x080082bc       0x24 C:/Users/jason/Documents/DaisyExamples/libdaisy/build\libdaisy.a(i2c.o)
                0x080082bc                DMA1_Stream6_IRQHandler
 .text.I2C1_EV_IRQHandler
                0x080082e0        0xc C:/Users/jason/Documents/DaisyExamples/libdaisy/build\libdaisy.a(i2c.o)
                0x080082e0                I2C1_EV_IRQHandler
 .text.I2C2_EV_IRQHandler
                0x080082ec        0xc C:/Users/jason/Documents/DaisyExamples/libdaisy/build\libdaisy.a(i2c.o)
                0x080082ec                I2C2_EV_IRQHandler
 .text.I2C3_EV_IRQHandler
                0x080082f8        0xc C:/Users/jason/Documents/DaisyExamples/libdaisy/build\libdaisy.a(i2c.o)
                0x080082f8                I2C3_EV_IRQHandler
 .text.dsy_dma_init
                0x08008304       0x98 C:/Users/jason/Documents/DaisyExamples/libdaisy/build\libdaisy.a(dma.o)
                0x08008304                dsy_dma_init
 .text.HAL_I2C_EV_IRQHandler
                0x0800839c       0x10 C:/Users/jason/Documents/DaisyExamples/libdaisy/build\libdaisy.a(stm32h7xx_hal_i2c.o)
                0x0800839c                HAL_I2C_EV_IRQHandler
 .text.HAL_MDMA_Abort_IT
                0x080083ac       0x2c C:/Users/jason/Documents/DaisyExamples/libdaisy/build\libdaisy.a(stm32h7xx_hal_mdma.o)
                0x080083ac                HAL_MDMA_Abort_IT
 .text._ZN7daisysp10MoogLadder4InitEf
                0x080083d8       0x3c C:/Users/jason/Documents/DaisyExamples/DaisySP/build\libdaisysp.a(moogladder.o)
                0x080083d8                daisysp::MoogLadder::Init(float)
 .text._ZN7daisysp10MoogLadder7ProcessEf
                0x08008414      0x420 C:/Users/jason/Documents/DaisyExamples/DaisySP/build\libdaisysp.a(moogladder.o)
                0x08008414                daisysp::MoogLadder::Process(float)
 .text._ZN7daisysp10Oscillator7ProcessEv
                0x08008834      0x388 C:/Users/jason/Documents/DaisyExamples/DaisySP/build\libdaisysp.a(oscillator.o)
                0x08008834                daisysp::Oscillator::Process()
 .text._ZN7daisysp10Oscillator12CalcPhaseIncEf
                0x08008bbc       0x18 C:/Users/jason/Documents/DaisyExamples/DaisySP/build\libdaisysp.a(oscillator.o)
                0x08008bbc                daisysp::Oscillator::CalcPhaseInc(float)
 .text.__aeabi_atexit
                0x08008bd4        0xa c:/program files (x86)/gnu arm embedded toolchain/9 2020-q2-update/bin/../lib/gcc/arm-none-eabi/9.3.1/../../../../arm-none-eabi/lib/thumb/v7e-m+dp/hard\libstdc++_nano.a(atexit_arm.o)
                0x08008bd4                __aeabi_atexit
 *fill*         0x08008bde        0x2 
 .text.expf     0x08008be0       0xe4 c:/program files (x86)/gnu arm embedded toolchain/9 2020-q2-update/bin/../lib/gcc/arm-none-eabi/9.3.1/../../../../arm-none-eabi/lib/thumb/v7e-m+dp/hard\libm.a(lib_a-sf_exp.o)
                0x08008be0                expf
 *fill*         0x08008cc4        0x4 
 .text.powf     0x08008cc8      0x348 c:/program files (x86)/gnu arm embedded toolchain/9 2020-q2-update/bin/../lib/gcc/arm-none-eabi/9.3.1/../../../../arm-none-eabi/lib/thumb/v7e-m+dp/hard\libm.a(lib_a-sf_pow.o)
                0x08008cc8                powf
 .text.tanhf    0x08009010       0xb8 c:/program files (x86)/gnu arm embedded toolchain/9 2020-q2-update/bin/../lib/gcc/arm-none-eabi/9.3.1/../../../../arm-none-eabi/lib/thumb/v7e-m+dp/hard\libm.a(lib_a-sf_tanh.o)
                0x08009010                tanhf
 .text.sinf     0x080090c8      0x214 c:/program files (x86)/gnu arm embedded toolchain/9 2020-q2-update/bin/../lib/gcc/arm-none-eabi/9.3.1/../../../../arm-none-eabi/lib/thumb/v7e-m+dp/hard\libm.a(lib_a-sinf.o)
                0x080090c8                sinf
 .text.fmodf    0x080092dc       0x60 c:/program files (x86)/gnu arm embedded toolchain/9 2020-q2-update/bin/../lib/gcc/arm-none-eabi/9.3.1/../../../../arm-none-eabi/lib/thumb/v7e-m+dp/hard\libm.a(lib_a-wf_fmod.o)
                0x080092dc                fmodf
 .text.__ieee754_fmodf
                0x0800933c      0x120 c:/program files (x86)/gnu arm embedded toolchain/9 2020-q2-update/bin/../lib/gcc/arm-none-eabi/9.3.1/../../../../arm-none-eabi/lib/thumb/v7e-m+dp/hard\libm.a(lib_a-ef_fmod.o)
                0x0800933c                __ieee754_fmodf
 .text.with_errnof
                0x0800945c       0x18 c:/program files (x86)/gnu arm embedded toolchain/9 2020-q2-update/bin/../lib/gcc/arm-none-eabi/9.3.1/../../../../arm-none-eabi/lib/thumb/v7e-m+dp/hard\libm.a(lib_a-math_errf.o)
 .text.xflowf   0x08009474       0x20 c:/program files (x86)/gnu arm embedded toolchain/9 2020-q2-update/bin/../lib/gcc/arm-none-eabi/9.3.1/../../../../arm-none-eabi/lib/thumb/v7e-m+dp/hard\libm.a(lib_a-math_errf.o)
 .text.__math_uflowf
                0x08009494        0xc c:/program files (x86)/gnu arm embedded toolchain/9 2020-q2-update/bin/../lib/gcc/arm-none-eabi/9.3.1/../../../../arm-none-eabi/lib/thumb/v7e-m+dp/hard\libm.a(lib_a-math_errf.o)
                0x08009494                __math_uflowf
 .text.__math_may_uflowf
                0x080094a0        0xc c:/program files (x86)/gnu arm embedded toolchain/9 2020-q2-update/bin/../lib/gcc/arm-none-eabi/9.3.1/../../../../arm-none-eabi/lib/thumb/v7e-m+dp/hard\libm.a(lib_a-math_errf.o)
                0x080094a0                __math_may_uflowf
 .text.__math_oflowf
                0x080094ac        0xc c:/program files (x86)/gnu arm embedded toolchain/9 2020-q2-update/bin/../lib/gcc/arm-none-eabi/9.3.1/../../../../arm-none-eabi/lib/thumb/v7e-m+dp/hard\libm.a(lib_a-math_errf.o)
                0x080094ac                __math_oflowf
 .text.__math_divzerof
                0x080094b8       0x24 c:/program files (x86)/gnu arm embedded toolchain/9 2020-q2-update/bin/../lib/gcc/arm-none-eabi/9.3.1/../../../../arm-none-eabi/lib/thumb/v7e-m+dp/hard\libm.a(lib_a-math_errf.o)
                0x080094b8                __math_divzerof
 .text.__math_invalidf
                0x080094dc       0x20 c:/program files (x86)/gnu arm embedded toolchain/9 2020-q2-update/bin/../lib/gcc/arm-none-eabi/9.3.1/../../../../arm-none-eabi/lib/thumb/v7e-m+dp/hard\libm.a(lib_a-math_errf.o)
                0x080094dc                __math_invalidf
 .text.expm1f   0x080094fc      0x268 c:/program files (x86)/gnu arm embedded toolchain/9 2020-q2-update/bin/../lib/gcc/arm-none-eabi/9.3.1/../../../../arm-none-eabi/lib/thumb/v7e-m+dp/hard\libm.a(lib_a-sf_expm1.o)
                0x080094fc                expm1f
 .text.fabsf    0x08009764       0x10 c:/program files (x86)/gnu arm embedded toolchain/9 2020-q2-update/bin/../lib/gcc/arm-none-eabi/9.3.1/../../../../arm-none-eabi/lib/thumb/v7e-m+dp/hard\libm.a(lib_a-sf_fabs.o)
                0x08009764                fabsf
 .text.__cxa_atexit
                0x08009774       0x1c c:/program files (x86)/gnu arm embedded toolchain/9 2020-q2-update/bin/../lib/gcc/arm-none-eabi/9.3.1/../../../../arm-none-eabi/lib/thumb/v7e-m+dp/hard\libc_nano.a(lib_a-cxa_atexit.o)
                0x08009774                __cxa_atexit
 .text.__errno  0x08009790        0xc c:/program files (x86)/gnu arm embedded toolchain/9 2020-q2-update/bin/../lib/gcc/arm-none-eabi/9.3.1/../../../../arm-none-eabi/lib/thumb/v7e-m+dp/hard\libc_nano.a(lib_a-errno.o)
                0x08009790                __errno
 .text.__libc_init_array
                0x0800979c       0x48 c:/program files (x86)/gnu arm embedded toolchain/9 2020-q2-update/bin/../lib/gcc/arm-none-eabi/9.3.1/../../../../arm-none-eabi/lib/thumb/v7e-m+dp/hard\libc_nano.a(lib_a-init.o)
                0x0800979c                __libc_init_array
 .text.memcpy   0x080097e4       0x1c c:/program files (x86)/gnu arm embedded toolchain/9 2020-q2-update/bin/../lib/gcc/arm-none-eabi/9.3.1/../../../../arm-none-eabi/lib/thumb/v7e-m+dp/hard\libc_nano.a(lib_a-memcpy-stub.o)
                0x080097e4                memcpy
 .text.memset   0x08009800       0x10 c:/program files (x86)/gnu arm embedded toolchain/9 2020-q2-update/bin/../lib/gcc/arm-none-eabi/9.3.1/../../../../arm-none-eabi/lib/thumb/v7e-m+dp/hard\libc_nano.a(lib_a-memset.o)
                0x08009800                memset
 *(.rodata)
 *(.rodata*)
 .rodata.D1CorePrescTable
                0x08009810       0x10 build/system_stm32h7xx.o
                0x08009810                D1CorePrescTable
 .rodata._ZL8seedgpio
                0x08009820       0x3e C:/Users/jason/Documents/DaisyExamples/libdaisy/build\libdaisy.a(daisy_seed.o)
 *fill*         0x0800985e        0x2 
 .rodata._ZL16dsy_adc_rank_map
                0x08009860       0x40 C:/Users/jason/Documents/DaisyExamples/libdaisy/build\libdaisy.a(adc.o)
 .rodata.HAL_QSPI_MspInit.str1.4
                0x080098a0        0x7 C:/Users/jason/Documents/DaisyExamples/libdaisy/build\libdaisy.a(qspi.o)
 *fill*         0x080098a7        0x1 
 .rodata.gpio_hal_pin_map
                0x080098a8       0x20 C:/Users/jason/Documents/DaisyExamples/libdaisy/build\libdaisy.a(hal_map.o)
 .rodata.gpio_hal_port_map
                0x080098c8       0x30 C:/Users/jason/Documents/DaisyExamples/libdaisy/build\libdaisy.a(hal_map.o)
 .rodata.flagBitshiftOffset.17888
                0x080098f8        0x8 C:/Users/jason/Documents/DaisyExamples/libdaisy/build\libdaisy.a(stm32h7xx_hal_dma.o)
 .rodata.__exp2f_data
                0x08009900      0x148 c:/program files (x86)/gnu arm embedded toolchain/9 2020-q2-update/bin/../lib/gcc/arm-none-eabi/9.3.1/../../../../arm-none-eabi/lib/thumb/v7e-m+dp/hard\libm.a(lib_a-sf_exp2_data.o)
                0x08009900                __exp2f_data
 .rodata.__powf_log2_data
                0x08009a48      0x128 c:/program files (x86)/gnu arm embedded toolchain/9 2020-q2-update/bin/../lib/gcc/arm-none-eabi/9.3.1/../../../../arm-none-eabi/lib/thumb/v7e-m+dp/hard\libm.a(lib_a-sf_pow_log2_data.o)
                0x08009a48                __powf_log2_data
 .rodata.Zero   0x08009b70        0x8 c:/program files (x86)/gnu arm embedded toolchain/9 2020-q2-update/bin/../lib/gcc/arm-none-eabi/9.3.1/../../../../arm-none-eabi/lib/thumb/v7e-m+dp/hard\libm.a(lib_a-ef_fmod.o)
 .rodata.__inv_pio4
                0x08009b78       0x60 c:/program files (x86)/gnu arm embedded toolchain/9 2020-q2-update/bin/../lib/gcc/arm-none-eabi/9.3.1/../../../../arm-none-eabi/lib/thumb/v7e-m+dp/hard\libm.a(lib_a-sincosf_data.o)
                0x08009b78                __inv_pio4
 .rodata.__sincosf_table
                0x08009bd8       0xe0 c:/program files (x86)/gnu arm embedded toolchain/9 2020-q2-update/bin/../lib/gcc/arm-none-eabi/9.3.1/../../../../arm-none-eabi/lib/thumb/v7e-m+dp/hard\libm.a(lib_a-sincosf_data.o)
                0x08009bd8                __sincosf_table
 *(.glue_7)
 .glue_7        0x08009cb8        0x0 linker stubs
 *(.glue_7t)
 .glue_7t       0x08009cb8        0x0 linker stubs
 *(.init)
 .init          0x08009cb8        0x4 c:/program files (x86)/gnu arm embedded toolchain/9 2020-q2-update/bin/../lib/gcc/arm-none-eabi/9.3.1/thumb/v7e-m+dp/hard/crti.o
                0x08009cb8                _init
 .init          0x08009cbc        0x8 c:/program files (x86)/gnu arm embedded toolchain/9 2020-q2-update/bin/../lib/gcc/arm-none-eabi/9.3.1/thumb/v7e-m+dp/hard/crtn.o
 *(.fini)
 .fini          0x08009cc4        0x4 c:/program files (x86)/gnu arm embedded toolchain/9 2020-q2-update/bin/../lib/gcc/arm-none-eabi/9.3.1/thumb/v7e-m+dp/hard/crti.o
                0x08009cc4                _fini
 .fini          0x08009cc8        0x8 c:/program files (x86)/gnu arm embedded toolchain/9 2020-q2-update/bin/../lib/gcc/arm-none-eabi/9.3.1/thumb/v7e-m+dp/hard/crtn.o
                0x08009cd0                . = ALIGN (0x4)
                0x08009cd0                _etext = .

.eh_frame       0x08009cd0        0x0
 .eh_frame      0x08009cd0        0x0 c:/program files (x86)/gnu arm embedded toolchain/9 2020-q2-update/bin/../lib/gcc/arm-none-eabi/9.3.1/thumb/v7e-m+dp/hard/crtbegin.o

.vfp11_veneer   0x08009cd0        0x0
 .vfp11_veneer  0x08009cd0        0x0 linker stubs

.v4_bx          0x08009cd0        0x0
 .v4_bx         0x08009cd0        0x0 linker stubs

.iplt           0x08009cd0        0x0
 .iplt          0x08009cd0        0x0 c:/program files (x86)/gnu arm embedded toolchain/9 2020-q2-update/bin/../lib/gcc/arm-none-eabi/9.3.1/thumb/v7e-m+dp/hard/crtbegin.o

.rel.dyn        0x08009cd0        0x0
 .rel.iplt      0x08009cd0        0x0 c:/program files (x86)/gnu arm embedded toolchain/9 2020-q2-update/bin/../lib/gcc/arm-none-eabi/9.3.1/thumb/v7e-m+dp/hard/crtbegin.o

.ARM.extab      0x08009cd0        0x0
                0x08009cd0                . = ALIGN (0x4)
 *(.ARM.extab)
 *(.gnu.linkonce.armextab.*)
                0x08009cd0                . = ALIGN (0x4)

.exidx          0x08009cd0        0x0
                0x08009cd0                . = ALIGN (0x4)
                [!provide]                PROVIDE (__exidx_start = .)
 *(.ARM.exidx*)
                0x08009cd0                . = ALIGN (0x4)
                [!provide]                PROVIDE (__exidx_end = .)

.ARM.attributes
                0x08009cd0       0x2e
 *(.ARM.attributes)
 .ARM.attributes
                0x08009cd0       0x1e c:/program files (x86)/gnu arm embedded toolchain/9 2020-q2-update/bin/../lib/gcc/arm-none-eabi/9.3.1/thumb/v7e-m+dp/hard/crti.o
 .ARM.attributes
                0x08009cee       0x32 c:/program files (x86)/gnu arm embedded toolchain/9 2020-q2-update/bin/../lib/gcc/arm-none-eabi/9.3.1/thumb/v7e-m+dp/hard/crtbegin.o
 .ARM.attributes
                0x08009d20       0x32 build/system_stm32h7xx.o
 .ARM.attributes
                0x08009d52       0x32 build/startup_stm32h750xx.o
 .ARM.attributes
                0x08009d84       0x32 build/4_voice_synth.o
 .ARM.attributes
                0x08009db6       0x32 C:/Users/jason/Documents/DaisyExamples/libdaisy/build\libdaisy.a(daisy_seed.o)
 .ARM.attributes
                0x08009de8       0x32 C:/Users/jason/Documents/DaisyExamples/libdaisy/build\libdaisy.a(sdram.o)
 .ARM.attributes
                0x08009e1a       0x32 C:/Users/jason/Documents/DaisyExamples/libdaisy/build\libdaisy.a(audio.o)
 .ARM.attributes
                0x08009e4c       0x32 C:/Users/jason/Documents/DaisyExamples/libdaisy/build\libdaisy.a(gatein.o)
 .ARM.attributes
                0x08009e7e       0x32 C:/Users/jason/Documents/DaisyExamples/libdaisy/build\libdaisy.a(adc.o)
 .ARM.attributes
                0x08009eb0       0x32 C:/Users/jason/Documents/DaisyExamples/libdaisy/build\libdaisy.a(gpio.o)
 .ARM.attributes
                0x08009ee2       0x32 C:/Users/jason/Documents/DaisyExamples/libdaisy/build\libdaisy.a(qspi.o)
 .ARM.attributes
                0x08009f14       0x32 C:/Users/jason/Documents/DaisyExamples/libdaisy/build\libdaisy.a(sai.o)
 .ARM.attributes
                0x08009f46       0x32 C:/Users/jason/Documents/DaisyExamples/libdaisy/build\libdaisy.a(tim.o)
 .ARM.attributes
                0x08009f78       0x32 C:/Users/jason/Documents/DaisyExamples/libdaisy/build\libdaisy.a(system.o)
 .ARM.attributes
                0x08009faa       0x32 C:/Users/jason/Documents/DaisyExamples/libdaisy/build\libdaisy.a(hal_map.o)
 .ARM.attributes
                0x08009fdc       0x32 C:/Users/jason/Documents/DaisyExamples/libdaisy/build\libdaisy.a(stm32h7xx_hal.o)
 .ARM.attributes
                0x0800a00e       0x32 C:/Users/jason/Documents/DaisyExamples/libdaisy/build\libdaisy.a(stm32h7xx_hal_adc.o)
 .ARM.attributes
                0x0800a040       0x32 C:/Users/jason/Documents/DaisyExamples/libdaisy/build\libdaisy.a(stm32h7xx_hal_adc_ex.o)
 .ARM.attributes
                0x0800a072       0x32 C:/Users/jason/Documents/DaisyExamples/libdaisy/build\libdaisy.a(stm32h7xx_hal_cortex.o)
 .ARM.attributes
                0x0800a0a4       0x32 C:/Users/jason/Documents/DaisyExamples/libdaisy/build\libdaisy.a(stm32h7xx_hal_dma.o)
 .ARM.attributes
                0x0800a0d6       0x32 C:/Users/jason/Documents/DaisyExamples/libdaisy/build\libdaisy.a(stm32h7xx_hal_gpio.o)
 .ARM.attributes
                0x0800a108       0x32 C:/Users/jason/Documents/DaisyExamples/libdaisy/build\libdaisy.a(stm32h7xx_hal_pwr_ex.o)
 .ARM.attributes
                0x0800a13a       0x32 C:/Users/jason/Documents/DaisyExamples/libdaisy/build\libdaisy.a(stm32h7xx_hal_qspi.o)
 .ARM.attributes
                0x0800a16c       0x32 C:/Users/jason/Documents/DaisyExamples/libdaisy/build\libdaisy.a(stm32h7xx_hal_rcc.o)
 .ARM.attributes
                0x0800a19e       0x32 C:/Users/jason/Documents/DaisyExamples/libdaisy/build\libdaisy.a(stm32h7xx_hal_rcc_ex.o)
 .ARM.attributes
                0x0800a1d0       0x32 C:/Users/jason/Documents/DaisyExamples/libdaisy/build\libdaisy.a(stm32h7xx_hal_sai.o)
 .ARM.attributes
                0x0800a202       0x32 C:/Users/jason/Documents/DaisyExamples/libdaisy/build\libdaisy.a(stm32h7xx_hal_sdram.o)
 .ARM.attributes
                0x0800a234       0x32 C:/Users/jason/Documents/DaisyExamples/libdaisy/build\libdaisy.a(stm32h7xx_hal_tim.o)
 .ARM.attributes
                0x0800a266       0x32 C:/Users/jason/Documents/DaisyExamples/libdaisy/build\libdaisy.a(stm32h7xx_hal_tim_ex.o)
 .ARM.attributes
                0x0800a298       0x32 C:/Users/jason/Documents/DaisyExamples/libdaisy/build\libdaisy.a(stm32h7xx_ll_fmc.o)
 .ARM.attributes
                0x0800a2ca       0x32 C:/Users/jason/Documents/DaisyExamples/libdaisy/build\libdaisy.a(codec_ak4556.o)
 .ARM.attributes
                0x0800a2fc       0x32 C:/Users/jason/Documents/DaisyExamples/libdaisy/build\libdaisy.a(i2c.o)
 .ARM.attributes
                0x0800a32e       0x32 C:/Users/jason/Documents/DaisyExamples/libdaisy/build\libdaisy.a(dma.o)
 .ARM.attributes
                0x0800a360       0x32 C:/Users/jason/Documents/DaisyExamples/libdaisy/build\libdaisy.a(stm32h7xx_hal_i2c.o)
 .ARM.attributes
                0x0800a392       0x32 C:/Users/jason/Documents/DaisyExamples/libdaisy/build\libdaisy.a(stm32h7xx_hal_mdma.o)
 .ARM.attributes
                0x0800a3c4       0x32 C:/Users/jason/Documents/DaisyExamples/DaisySP/build\libdaisysp.a(moogladder.o)
 .ARM.attributes
                0x0800a3f6       0x32 C:/Users/jason/Documents/DaisyExamples/DaisySP/build\libdaisysp.a(oscillator.o)
 .ARM.attributes
                0x0800a428       0x32 c:/program files (x86)/gnu arm embedded toolchain/9 2020-q2-update/bin/../lib/gcc/arm-none-eabi/9.3.1/../../../../arm-none-eabi/lib/thumb/v7e-m+dp/hard\libstdc++_nano.a(atexit_arm.o)
 .ARM.attributes
                0x0800a45a       0x32 c:/program files (x86)/gnu arm embedded toolchain/9 2020-q2-update/bin/../lib/gcc/arm-none-eabi/9.3.1/../../../../arm-none-eabi/lib/thumb/v7e-m+dp/hard\libm.a(lib_a-sf_exp.o)
 .ARM.attributes
                0x0800a48c       0x30 c:/program files (x86)/gnu arm embedded toolchain/9 2020-q2-update/bin/../lib/gcc/arm-none-eabi/9.3.1/../../../../arm-none-eabi/lib/thumb/v7e-m+dp/hard\libm.a(lib_a-sf_exp2_data.o)
 .ARM.attributes
                0x0800a4bc       0x32 c:/program files (x86)/gnu arm embedded toolchain/9 2020-q2-update/bin/../lib/gcc/arm-none-eabi/9.3.1/../../../../arm-none-eabi/lib/thumb/v7e-m+dp/hard\libm.a(lib_a-sf_pow.o)
 .ARM.attributes
                0x0800a4ee       0x30 c:/program files (x86)/gnu arm embedded toolchain/9 2020-q2-update/bin/../lib/gcc/arm-none-eabi/9.3.1/../../../../arm-none-eabi/lib/thumb/v7e-m+dp/hard\libm.a(lib_a-sf_pow_log2_data.o)
 .ARM.attributes
                0x0800a51e       0x32 c:/program files (x86)/gnu arm embedded toolchain/9 2020-q2-update/bin/../lib/gcc/arm-none-eabi/9.3.1/../../../../arm-none-eabi/lib/thumb/v7e-m+dp/hard\libm.a(lib_a-sf_tanh.o)
 .ARM.attributes
                0x0800a550       0x32 c:/program files (x86)/gnu arm embedded toolchain/9 2020-q2-update/bin/../lib/gcc/arm-none-eabi/9.3.1/../../../../arm-none-eabi/lib/thumb/v7e-m+dp/hard\libm.a(lib_a-sinf.o)
 .ARM.attributes
                0x0800a582       0x32 c:/program files (x86)/gnu arm embedded toolchain/9 2020-q2-update/bin/../lib/gcc/arm-none-eabi/9.3.1/../../../../arm-none-eabi/lib/thumb/v7e-m+dp/hard\libm.a(lib_a-wf_fmod.o)
 .ARM.attributes
                0x0800a5b4       0x32 c:/program files (x86)/gnu arm embedded toolchain/9 2020-q2-update/bin/../lib/gcc/arm-none-eabi/9.3.1/../../../../arm-none-eabi/lib/thumb/v7e-m+dp/hard\libm.a(lib_a-ef_fmod.o)
 .ARM.attributes
                0x0800a5e6       0x32 c:/program files (x86)/gnu arm embedded toolchain/9 2020-q2-update/bin/../lib/gcc/arm-none-eabi/9.3.1/../../../../arm-none-eabi/lib/thumb/v7e-m+dp/hard\libm.a(lib_a-math_errf.o)
 .ARM.attributes
                0x0800a618       0x30 c:/program files (x86)/gnu arm embedded toolchain/9 2020-q2-update/bin/../lib/gcc/arm-none-eabi/9.3.1/../../../../arm-none-eabi/lib/thumb/v7e-m+dp/hard\libm.a(lib_a-s_lib_ver.o)
 .ARM.attributes
                0x0800a648       0x32 c:/program files (x86)/gnu arm embedded toolchain/9 2020-q2-update/bin/../lib/gcc/arm-none-eabi/9.3.1/../../../../arm-none-eabi/lib/thumb/v7e-m+dp/hard\libm.a(lib_a-sf_expm1.o)
 .ARM.attributes
                0x0800a67a       0x32 c:/program files (x86)/gnu arm embedded toolchain/9 2020-q2-update/bin/../lib/gcc/arm-none-eabi/9.3.1/../../../../arm-none-eabi/lib/thumb/v7e-m+dp/hard\libm.a(lib_a-sf_fabs.o)
 .ARM.attributes
                0x0800a6ac       0x30 c:/program files (x86)/gnu arm embedded toolchain/9 2020-q2-update/bin/../lib/gcc/arm-none-eabi/9.3.1/../../../../arm-none-eabi/lib/thumb/v7e-m+dp/hard\libm.a(lib_a-sincosf_data.o)
 .ARM.attributes
                0x0800a6dc       0x32 c:/program files (x86)/gnu arm embedded toolchain/9 2020-q2-update/bin/../lib/gcc/arm-none-eabi/9.3.1/../../../../arm-none-eabi/lib/thumb/v7e-m+dp/hard\libc_nano.a(lib_a-cxa_atexit.o)
 .ARM.attributes
                0x0800a70e       0x32 c:/program files (x86)/gnu arm embedded toolchain/9 2020-q2-update/bin/../lib/gcc/arm-none-eabi/9.3.1/../../../../arm-none-eabi/lib/thumb/v7e-m+dp/hard\libc_nano.a(lib_a-errno.o)
 .ARM.attributes
                0x0800a740       0x30 c:/program files (x86)/gnu arm embedded toolchain/9 2020-q2-update/bin/../lib/gcc/arm-none-eabi/9.3.1/../../../../arm-none-eabi/lib/thumb/v7e-m+dp/hard\libc_nano.a(lib_a-impure.o)
 .ARM.attributes
                0x0800a770       0x32 c:/program files (x86)/gnu arm embedded toolchain/9 2020-q2-update/bin/../lib/gcc/arm-none-eabi/9.3.1/../../../../arm-none-eabi/lib/thumb/v7e-m+dp/hard\libc_nano.a(lib_a-init.o)
 .ARM.attributes
                0x0800a7a2       0x32 c:/program files (x86)/gnu arm embedded toolchain/9 2020-q2-update/bin/../lib/gcc/arm-none-eabi/9.3.1/../../../../arm-none-eabi/lib/thumb/v7e-m+dp/hard\libc_nano.a(lib_a-memcpy-stub.o)
 .ARM.attributes
                0x0800a7d4       0x32 c:/program files (x86)/gnu arm embedded toolchain/9 2020-q2-update/bin/../lib/gcc/arm-none-eabi/9.3.1/../../../../arm-none-eabi/lib/thumb/v7e-m+dp/hard\libc_nano.a(lib_a-memset.o)
 .ARM.attributes
                0x0800a806       0x1e c:/program files (x86)/gnu arm embedded toolchain/9 2020-q2-update/bin/../lib/gcc/arm-none-eabi/9.3.1/thumb/v7e-m+dp/hard\libgcc.a(_arm_addsubdf3.o)
 .ARM.attributes
                0x0800a824       0x1e c:/program files (x86)/gnu arm embedded toolchain/9 2020-q2-update/bin/../lib/gcc/arm-none-eabi/9.3.1/thumb/v7e-m+dp/hard/crtn.o

.preinit_array  0x08009cd0        0x0
                0x08009cd0                PROVIDE (__preinit_array_start = .)
 *(.preinit_array*)
                0x08009cd0                PROVIDE (__preinit_array_end = .)

.init_array     0x08009cd0        0x8
                0x08009cd0                PROVIDE (__init_array_start = .)
 *(SORT_BY_NAME(.init_array.*))
 *(.init_array*)
 .init_array    0x08009cd0        0x4 c:/program files (x86)/gnu arm embedded toolchain/9 2020-q2-update/bin/../lib/gcc/arm-none-eabi/9.3.1/thumb/v7e-m+dp/hard/crtbegin.o
 .init_array    0x08009cd4        0x4 build/4_voice_synth.o
                0x08009cd8                PROVIDE (__init_array_end = .)

.fini_array     0x08009cd8        0x4
                [!provide]                PROVIDE (__fini_array_start = .)
 *(.fini_array*)
 .fini_array    0x08009cd8        0x4 c:/program files (x86)/gnu arm embedded toolchain/9 2020-q2-update/bin/../lib/gcc/arm-none-eabi/9.3.1/thumb/v7e-m+dp/hard/crtbegin.o
 *(SORT_BY_NAME(.fini_array.*))
                [!provide]                PROVIDE (__fini_array_end = .)

.data           0x24000000       0x7c load address 0x08009cdc
                0x24000000                . = ALIGN (0x4)
                0x24000000                _sdata = .
                [!provide]                PROVIDE (__data_start__ = _sdata)
 *(.data)
 .data          0x24000000        0x4 c:/program files (x86)/gnu arm embedded toolchain/9 2020-q2-update/bin/../lib/gcc/arm-none-eabi/9.3.1/thumb/v7e-m+dp/hard/crtbegin.o
                0x24000000                __dso_handle
 *(.data*)
 .data.SystemCoreClock
                0x24000004        0x4 build/system_stm32h7xx.o
                0x24000004                SystemCoreClock
 .data.SystemD2Clock
                0x24000008        0x4 build/system_stm32h7xx.o
                0x24000008                SystemD2Clock
 .data.uwTickFreq
                0x2400000c        0x1 C:/Users/jason/Documents/DaisyExamples/libdaisy/build\libdaisy.a(stm32h7xx_hal.o)
 *fill*         0x2400000d        0x3 
 .data.uwTickPrio
                0x24000010        0x4 C:/Users/jason/Documents/DaisyExamples/libdaisy/build\libdaisy.a(stm32h7xx_hal.o)
 .data.__fdlib_version
                0x24000014        0x1 c:/program files (x86)/gnu arm embedded toolchain/9 2020-q2-update/bin/../lib/gcc/arm-none-eabi/9.3.1/../../../../arm-none-eabi/lib/thumb/v7e-m+dp/hard\libm.a(lib_a-s_lib_ver.o)
                0x24000014                __fdlib_version
 *fill*         0x24000015        0x3 
 .data._impure_ptr
                0x24000018        0x4 c:/program files (x86)/gnu arm embedded toolchain/9 2020-q2-update/bin/../lib/gcc/arm-none-eabi/9.3.1/../../../../arm-none-eabi/lib/thumb/v7e-m+dp/hard\libc_nano.a(lib_a-impure.o)
                0x24000018                _impure_ptr
 .data.impure_data
                0x2400001c       0x60 c:/program files (x86)/gnu arm embedded toolchain/9 2020-q2-update/bin/../lib/gcc/arm-none-eabi/9.3.1/../../../../arm-none-eabi/lib/thumb/v7e-m+dp/hard\libc_nano.a(lib_a-impure.o)
                0x2400007c                . = ALIGN (0x4)
                0x2400007c                _edata = .
                [!provide]                PROVIDE (__data_end__ = _edata)
                0x08009cdc                _sidata = LOADADDR (.data)

.igot.plt       0x2400007c        0x0 load address 0x08009d58
 .igot.plt      0x2400007c        0x0 c:/program files (x86)/gnu arm embedded toolchain/9 2020-q2-update/bin/../lib/gcc/arm-none-eabi/9.3.1/thumb/v7e-m+dp/hard/crtbegin.o

.bss            0x24000080     0x1e28 load address 0x08009d58
                0x24000080                . = ALIGN (0x4)
                0x24000080                _sbss = .
                0x24000080                PROVIDE (__bss_start__ = _sbss)
 *(.bss)
 .bss           0x24000080       0x1c c:/program files (x86)/gnu arm embedded toolchain/9 2020-q2-update/bin/../lib/gcc/arm-none-eabi/9.3.1/thumb/v7e-m+dp/hard/crtbegin.o
 *(.bss*)
 .bss._ZL3osc   0x2400009c       0x90 build/4_voice_synth.o
 .bss._ZL4seed  0x2400012c       0x58 build/4_voice_synth.o
 .bss._ZL6filter
                0x24000184      0x110 build/4_voice_synth.o
 .bss._ZL7adc_jay
                0x24000294       0xcc build/4_voice_synth.o
 .bss._ZL9NotGateIn
                0x24000360       0x18 build/4_voice_synth.o
 .bss.FMC_Initialized
                0x24000378        0x4 C:/Users/jason/Documents/DaisyExamples/libdaisy/build\libdaisy.a(sdram.o)
 *fill*         0x2400037c        0x4 
 .bss.dsy_sdram
                0x24000380       0x3c C:/Users/jason/Documents/DaisyExamples/libdaisy/build\libdaisy.a(sdram.o)
 .bss.audio_handle
                0x240003bc      0x824 C:/Users/jason/Documents/DaisyExamples/libdaisy/build\libdaisy.a(audio.o)
 .bss.audio_handle_ext
                0x24000be0      0x824 C:/Users/jason/Documents/DaisyExamples/libdaisy/build\libdaisy.a(audio.o)
 .bss.using_new_callbacks
                0x24001404        0x1 C:/Users/jason/Documents/DaisyExamples/libdaisy/build\libdaisy.a(audio.o)
 *fill*         0x24001405        0x3 
 .bss._ZL3adc   0x24001408      0x210 C:/Users/jason/Documents/DaisyExamples/libdaisy/build\libdaisy.a(adc.o)
 .bss.qspi_handle
                0x24001618       0x54 C:/Users/jason/Documents/DaisyExamples/libdaisy/build\libdaisy.a(qspi.o)
 .bss.SAI1_client
                0x2400166c        0x4 C:/Users/jason/Documents/DaisyExamples/libdaisy/build\libdaisy.a(sai.o)
 .bss.SAI2_client
                0x24001670        0x4 C:/Users/jason/Documents/DaisyExamples/libdaisy/build\libdaisy.a(sai.o)
 .bss.sai_handle
                0x24001674       0x21 C:/Users/jason/Documents/DaisyExamples/libdaisy/build\libdaisy.a(sai.o)
 *fill*         0x24001695        0x3 
 .bss.tim       0x24001698       0x4c C:/Users/jason/Documents/DaisyExamples/libdaisy/build\libdaisy.a(tim.o)
 .bss.uwTick    0x240016e4        0x4 C:/Users/jason/Documents/DaisyExamples/libdaisy/build\libdaisy.a(stm32h7xx_hal.o)
 .bss._ZN5daisy9I2CHandle4Impl21queued_dma_transfers_E
                0x240016e8       0x3c C:/Users/jason/Documents/DaisyExamples/libdaisy/build\libdaisy.a(i2c.o)
                0x240016e8                daisy::I2CHandle::Impl::queued_dma_transfers_
 .bss._ZN5daisy9I2CHandle4Impl22dma_active_peripheral_E
                0x24001724        0x1 C:/Users/jason/Documents/DaisyExamples/libdaisy/build\libdaisy.a(i2c.o)
                0x24001724                daisy::I2CHandle::Impl::dma_active_peripheral_
 *fill*         0x24001725        0x3 
 .bss._ZN5daisyL11i2c_handlesE
                0x24001728      0x340 C:/Users/jason/Documents/DaisyExamples/libdaisy/build\libdaisy.a(i2c.o)
 *(COMMON)
 COMMON         0x24001a68      0x440 C:/Users/jason/Documents/DaisyExamples/libdaisy/build\libdaisy.a(sai.o)
                0x24001a68                hsai_BlockB2
                0x24001b00                hdma_sai2_b
                0x24001b78                hsai_BlockA2
                0x24001c10                hsai_BlockB1
                0x24001ca8                hdma_sai1_a
                0x24001d20                hdma_sai1_b
                0x24001d98                hdma_sai2_a
                0x24001e10                hsai_BlockA1
                0x24001ea8                . = ALIGN (0x4)
                0x24001ea8                _ebss = .
                0x24001ea8                PROVIDE (__bss_end__ = _ebss)
                [!provide]                PROVIDE (end = .)

.dtcmram_bss    0x20000000        0x0
                0x20000000                . = ALIGN (0x4)
                0x20000000                _sdtcmram_bss = .
                [!provide]                PROVIDE (__dtcmram_bss_start__ = _sdtcmram_bss)
 *(.dtcmram_bss)
 *(.dtcmram_bss*)
                0x20000000                . = ALIGN (0x4)
                0x20000000                _edtcmram_bss = .
                [!provide]                PROVIDE (__dtcmram_bss_end__ = _edtcmram_bss)

.sram1_bss      0x30000000     0x2118
                0x30000000                . = ALIGN (0x4)
                0x30000000                _ssram1_bss = .
                [!provide]                PROVIDE (__sram1_bss_start__ = _sram1_bss)
 *(.sram1_bss)
 .sram1_bss     0x30000000     0x2000 C:/Users/jason/Documents/DaisyExamples/libdaisy/build\libdaisy.a(audio.o)
 .sram1_bss     0x30002000      0x118 C:/Users/jason/Documents/DaisyExamples/libdaisy/build\libdaisy.a(adc.o)
 *(.sram1_bss*)
                0x30002118                . = ALIGN (0x4)
                0x30002118                _esram1_bss = .
                [!provide]                PROVIDE (__sram1_bss_end__ = _esram1_bss)

.sdram_bss      0xc0000000        0x0
                0xc0000000                . = ALIGN (0x4)
                0xc0000000                _ssdram_bss = .
                [!provide]                PROVIDE (__sdram_bss_start = _ssdram_bss)
 *(.sdram_bss)
 *(.sdram_bss*)
                0xc0000000                . = ALIGN (0x4)
                0xc0000000                _esdram_bss = .
                [!provide]                PROVIDE (__sdram_bss_end = _esdram_bss)

.qspiflash_text
                0x90000000        0x0
                0x90000000                . = ALIGN (0x4)
                0x90000000                _sqspiflash_text = .
                [!provide]                PROVIDE (__qspiflash_text_start = _sqspiflash_text)
 *(.qspiflash_text)
 *(.qspiflash_text*)
                0x90000000                . = ALIGN (0x4)
                0x90000000                _eqspiflash_text = .
                [!provide]                PROVIDE (__qspiflash_text_end = _eqspiflash_text)

.qspiflash_data
                0x90000000        0x0
                0x90000000                . = ALIGN (0x4)
                0x90000000                _sqspiflash_data = .
                [!provide]                PROVIDE (__qspiflash_data_start = _sqspiflash_data)
 *(.qspiflash_data)
 *(.qspiflash_data*)
                0x90000000                . = ALIGN (0x4)
                0x90000000                _eqspiflash_data = .
                [!provide]                PROVIDE (__qspiflash_data_end = _eqspiflash_data)

.qspiflash_bss  0x90000000        0x0
                0x90000000                . = ALIGN (0x4)
                0x90000000                _sqspiflash_bss = .
                [!provide]                PROVIDE (__qspiflash_bss_start = _sqspiflash_bss)
 *(.qspiflash_bss)
 *(.qspiflash_bss*)
                0x90000000                . = ALIGN (0x4)
                0x90000000                _eqspiflash_bss = .
                [!provide]                PROVIDE (__qspiflash_bss_end = _eqspiflash_bss)

.heap           0x24001ea8        0x0
                0x24001ea8                . = ALIGN (0x4)
                [!provide]                PROVIDE (__heap_start__ = .)
 *(.heap)
                0x24001ea8                . = ALIGN (0x4)
                [!provide]                PROVIDE (__heap_end__ = .)

.reserved_for_stack
                0x24001ea8        0x0
                0x24001ea8                . = ALIGN (0x4)
                [!provide]                PROVIDE (__reserved_for_stack_start__ = .)
 *(.reserved_for_stack)
                0x24001ea8                . = ALIGN (0x4)
                [!provide]                PROVIDE (__reserved_for_stack_end__ = .)

DISCARD
 libc.a(*)
 libm.a(*)
 libgcc.a(*)
OUTPUT(build/4_voice_synth.elf elf32-littlearm)
LOAD linker stubs
LOAD c:/program files (x86)/gnu arm embedded toolchain/9 2020-q2-update/bin/../lib/gcc/arm-none-eabi/9.3.1/../../../../arm-none-eabi/lib/thumb/v7e-m+dp/hard\libc.a
LOAD c:/program files (x86)/gnu arm embedded toolchain/9 2020-q2-update/bin/../lib/gcc/arm-none-eabi/9.3.1/../../../../arm-none-eabi/lib/thumb/v7e-m+dp/hard\libm.a
LOAD c:/program files (x86)/gnu arm embedded toolchain/9 2020-q2-update/bin/../lib/gcc/arm-none-eabi/9.3.1/thumb/v7e-m+dp/hard\libgcc.a

.comment        0x00000000       0x4c
 .comment       0x00000000       0x4c build/system_stm32h7xx.o
                                 0x4d (size before relaxing)
 .comment       0x0000004c       0x4d build/startup_stm32h750xx.o
 .comment       0x0000004c       0x4d build/4_voice_synth.o
 .comment       0x0000004c       0x4d C:/Users/jason/Documents/DaisyExamples/libdaisy/build\libdaisy.a(daisy_seed.o)
 .comment       0x0000004c       0x4d C:/Users/jason/Documents/DaisyExamples/libdaisy/build\libdaisy.a(sdram.o)
 .comment       0x0000004c       0x4d C:/Users/jason/Documents/DaisyExamples/libdaisy/build\libdaisy.a(audio.o)
 .comment       0x0000004c       0x4d C:/Users/jason/Documents/DaisyExamples/libdaisy/build\libdaisy.a(gatein.o)
 .comment       0x0000004c       0x4d C:/Users/jason/Documents/DaisyExamples/libdaisy/build\libdaisy.a(adc.o)
 .comment       0x0000004c       0x4d C:/Users/jason/Documents/DaisyExamples/libdaisy/build\libdaisy.a(gpio.o)
 .comment       0x0000004c       0x4d C:/Users/jason/Documents/DaisyExamples/libdaisy/build\libdaisy.a(qspi.o)
 .comment       0x0000004c       0x4d C:/Users/jason/Documents/DaisyExamples/libdaisy/build\libdaisy.a(sai.o)
 .comment       0x0000004c       0x4d C:/Users/jason/Documents/DaisyExamples/libdaisy/build\libdaisy.a(tim.o)
 .comment       0x0000004c       0x4d C:/Users/jason/Documents/DaisyExamples/libdaisy/build\libdaisy.a(system.o)
 .comment       0x0000004c       0x4d C:/Users/jason/Documents/DaisyExamples/libdaisy/build\libdaisy.a(hal_map.o)
 .comment       0x0000004c       0x4d C:/Users/jason/Documents/DaisyExamples/libdaisy/build\libdaisy.a(stm32h7xx_hal.o)
 .comment       0x0000004c       0x4d C:/Users/jason/Documents/DaisyExamples/libdaisy/build\libdaisy.a(stm32h7xx_hal_adc.o)
 .comment       0x0000004c       0x4d C:/Users/jason/Documents/DaisyExamples/libdaisy/build\libdaisy.a(stm32h7xx_hal_adc_ex.o)
 .comment       0x0000004c       0x4d C:/Users/jason/Documents/DaisyExamples/libdaisy/build\libdaisy.a(stm32h7xx_hal_cortex.o)
 .comment       0x0000004c       0x4d C:/Users/jason/Documents/DaisyExamples/libdaisy/build\libdaisy.a(stm32h7xx_hal_dma.o)
 .comment       0x0000004c       0x4d C:/Users/jason/Documents/DaisyExamples/libdaisy/build\libdaisy.a(stm32h7xx_hal_gpio.o)
 .comment       0x0000004c       0x4d C:/Users/jason/Documents/DaisyExamples/libdaisy/build\libdaisy.a(stm32h7xx_hal_pwr_ex.o)
 .comment       0x0000004c       0x4d C:/Users/jason/Documents/DaisyExamples/libdaisy/build\libdaisy.a(stm32h7xx_hal_qspi.o)
 .comment       0x0000004c       0x4d C:/Users/jason/Documents/DaisyExamples/libdaisy/build\libdaisy.a(stm32h7xx_hal_rcc.o)
 .comment       0x0000004c       0x4d C:/Users/jason/Documents/DaisyExamples/libdaisy/build\libdaisy.a(stm32h7xx_hal_rcc_ex.o)
 .comment       0x0000004c       0x4d C:/Users/jason/Documents/DaisyExamples/libdaisy/build\libdaisy.a(stm32h7xx_hal_sai.o)
 .comment       0x0000004c       0x4d C:/Users/jason/Documents/DaisyExamples/libdaisy/build\libdaisy.a(stm32h7xx_hal_sdram.o)
 .comment       0x0000004c       0x4d C:/Users/jason/Documents/DaisyExamples/libdaisy/build\libdaisy.a(stm32h7xx_hal_tim.o)
 .comment       0x0000004c       0x4d C:/Users/jason/Documents/DaisyExamples/libdaisy/build\libdaisy.a(stm32h7xx_hal_tim_ex.o)
 .comment       0x0000004c       0x4d C:/Users/jason/Documents/DaisyExamples/libdaisy/build\libdaisy.a(stm32h7xx_ll_fmc.o)
 .comment       0x0000004c       0x4d C:/Users/jason/Documents/DaisyExamples/libdaisy/build\libdaisy.a(codec_ak4556.o)
 .comment       0x0000004c       0x4d C:/Users/jason/Documents/DaisyExamples/libdaisy/build\libdaisy.a(i2c.o)
 .comment       0x0000004c       0x4d C:/Users/jason/Documents/DaisyExamples/libdaisy/build\libdaisy.a(dma.o)
 .comment       0x0000004c       0x4d C:/Users/jason/Documents/DaisyExamples/libdaisy/build\libdaisy.a(stm32h7xx_hal_i2c.o)
 .comment       0x0000004c       0x4d C:/Users/jason/Documents/DaisyExamples/libdaisy/build\libdaisy.a(stm32h7xx_hal_mdma.o)
 .comment       0x0000004c       0x4d C:/Users/jason/Documents/DaisyExamples/DaisySP/build\libdaisysp.a(moogladder.o)
 .comment       0x0000004c       0x4d C:/Users/jason/Documents/DaisyExamples/DaisySP/build\libdaisysp.a(oscillator.o)

.debug_info     0x00000000    0x4b2ec
 .debug_info    0x00000000     0x2c2f C:/Users/jason/Documents/DaisyExamples/libdaisy/build\libdaisy.a(daisy_seed.o)
 .debug_info    0x00002c2f     0x1d9e C:/Users/jason/Documents/DaisyExamples/libdaisy/build\libdaisy.a(sdram.o)
 .debug_info    0x000049cd     0x262c C:/Users/jason/Documents/DaisyExamples/libdaisy/build\libdaisy.a(audio.o)
 .debug_info    0x00006ff9     0x131b C:/Users/jason/Documents/DaisyExamples/libdaisy/build\libdaisy.a(gatein.o)
 .debug_info    0x00008314     0x4cb0 C:/Users/jason/Documents/DaisyExamples/libdaisy/build\libdaisy.a(adc.o)
 .debug_info    0x0000cfc4     0x1008 C:/Users/jason/Documents/DaisyExamples/libdaisy/build\libdaisy.a(gpio.o)
 .debug_info    0x0000dfcc     0x2feb C:/Users/jason/Documents/DaisyExamples/libdaisy/build\libdaisy.a(qspi.o)
 .debug_info    0x00010fb7     0x2544 C:/Users/jason/Documents/DaisyExamples/libdaisy/build\libdaisy.a(sai.o)
 .debug_info    0x000134fb     0x18ff C:/Users/jason/Documents/DaisyExamples/libdaisy/build\libdaisy.a(tim.o)
 .debug_info    0x00014dfa     0x1f47 C:/Users/jason/Documents/DaisyExamples/libdaisy/build\libdaisy.a(system.o)
 .debug_info    0x00016d41      0xd0e C:/Users/jason/Documents/DaisyExamples/libdaisy/build\libdaisy.a(hal_map.o)
 .debug_info    0x00017a4f     0x20bd C:/Users/jason/Documents/DaisyExamples/libdaisy/build\libdaisy.a(stm32h7xx_hal.o)
 .debug_info    0x00019b0c     0x3915 C:/Users/jason/Documents/DaisyExamples/libdaisy/build\libdaisy.a(stm32h7xx_hal_adc.o)
 .debug_info    0x0001d421     0x38cc C:/Users/jason/Documents/DaisyExamples/libdaisy/build\libdaisy.a(stm32h7xx_hal_adc_ex.o)
 .debug_info    0x00020ced     0x1df5 C:/Users/jason/Documents/DaisyExamples/libdaisy/build\libdaisy.a(stm32h7xx_hal_cortex.o)
 .debug_info    0x00022ae2     0x1909 C:/Users/jason/Documents/DaisyExamples/libdaisy/build\libdaisy.a(stm32h7xx_hal_dma.o)
 .debug_info    0x000243eb     0x178a C:/Users/jason/Documents/DaisyExamples/libdaisy/build\libdaisy.a(stm32h7xx_hal_gpio.o)
 .debug_info    0x00025b75     0x196d C:/Users/jason/Documents/DaisyExamples/libdaisy/build\libdaisy.a(stm32h7xx_hal_pwr_ex.o)
 .debug_info    0x000274e2     0x28bd C:/Users/jason/Documents/DaisyExamples/libdaisy/build\libdaisy.a(stm32h7xx_hal_qspi.o)
 .debug_info    0x00029d9f     0x1c4e C:/Users/jason/Documents/DaisyExamples/libdaisy/build\libdaisy.a(stm32h7xx_hal_rcc.o)
 .debug_info    0x0002b9ed     0x20b6 C:/Users/jason/Documents/DaisyExamples/libdaisy/build\libdaisy.a(stm32h7xx_hal_rcc_ex.o)
 .debug_info    0x0002daa3     0x2a55 C:/Users/jason/Documents/DaisyExamples/libdaisy/build\libdaisy.a(stm32h7xx_hal_sai.o)
 .debug_info    0x000304f8     0x1c8f C:/Users/jason/Documents/DaisyExamples/libdaisy/build\libdaisy.a(stm32h7xx_hal_sdram.o)
 .debug_info    0x00032187     0x5588 C:/Users/jason/Documents/DaisyExamples/libdaisy/build\libdaisy.a(stm32h7xx_hal_tim.o)
 .debug_info    0x0003770f     0x23f4 C:/Users/jason/Documents/DaisyExamples/libdaisy/build\libdaisy.a(stm32h7xx_hal_tim_ex.o)
 .debug_info    0x00039b03     0x1754 C:/Users/jason/Documents/DaisyExamples/libdaisy/build\libdaisy.a(stm32h7xx_ll_fmc.o)
 .debug_info    0x0003b257      0xb25 C:/Users/jason/Documents/DaisyExamples/libdaisy/build\libdaisy.a(codec_ak4556.o)
 .debug_info    0x0003bd7c     0x5bb0 C:/Users/jason/Documents/DaisyExamples/libdaisy/build\libdaisy.a(i2c.o)
 .debug_info    0x0004192c     0x19dc C:/Users/jason/Documents/DaisyExamples/libdaisy/build\libdaisy.a(dma.o)
 .debug_info    0x00043308     0x6608 C:/Users/jason/Documents/DaisyExamples/libdaisy/build\libdaisy.a(stm32h7xx_hal_i2c.o)
 .debug_info    0x00049910     0x19dc C:/Users/jason/Documents/DaisyExamples/libdaisy/build\libdaisy.a(stm32h7xx_hal_mdma.o)

.debug_abbrev   0x00000000     0x85b7
 .debug_abbrev  0x00000000      0x734 C:/Users/jason/Documents/DaisyExamples/libdaisy/build\libdaisy.a(daisy_seed.o)
 .debug_abbrev  0x00000734      0x3f9 C:/Users/jason/Documents/DaisyExamples/libdaisy/build\libdaisy.a(sdram.o)
 .debug_abbrev  0x00000b2d      0x58f C:/Users/jason/Documents/DaisyExamples/libdaisy/build\libdaisy.a(audio.o)
 .debug_abbrev  0x000010bc      0x390 C:/Users/jason/Documents/DaisyExamples/libdaisy/build\libdaisy.a(gatein.o)
 .debug_abbrev  0x0000144c      0x7ca C:/Users/jason/Documents/DaisyExamples/libdaisy/build\libdaisy.a(adc.o)
 .debug_abbrev  0x00001c16      0x2fa C:/Users/jason/Documents/DaisyExamples/libdaisy/build\libdaisy.a(gpio.o)
 .debug_abbrev  0x00001f10      0x55f C:/Users/jason/Documents/DaisyExamples/libdaisy/build\libdaisy.a(qspi.o)
 .debug_abbrev  0x0000246f      0x42a C:/Users/jason/Documents/DaisyExamples/libdaisy/build\libdaisy.a(sai.o)
 .debug_abbrev  0x00002899      0x3fc C:/Users/jason/Documents/DaisyExamples/libdaisy/build\libdaisy.a(tim.o)
 .debug_abbrev  0x00002c95      0x442 C:/Users/jason/Documents/DaisyExamples/libdaisy/build\libdaisy.a(system.o)
 .debug_abbrev  0x000030d7      0x24a C:/Users/jason/Documents/DaisyExamples/libdaisy/build\libdaisy.a(hal_map.o)
 .debug_abbrev  0x00003321      0x3d1 C:/Users/jason/Documents/DaisyExamples/libdaisy/build\libdaisy.a(stm32h7xx_hal.o)
 .debug_abbrev  0x000036f2      0x3f8 C:/Users/jason/Documents/DaisyExamples/libdaisy/build\libdaisy.a(stm32h7xx_hal_adc.o)
 .debug_abbrev  0x00003aea      0x46a C:/Users/jason/Documents/DaisyExamples/libdaisy/build\libdaisy.a(stm32h7xx_hal_adc_ex.o)
 .debug_abbrev  0x00003f54      0x46e C:/Users/jason/Documents/DaisyExamples/libdaisy/build\libdaisy.a(stm32h7xx_hal_cortex.o)
 .debug_abbrev  0x000043c2      0x412 C:/Users/jason/Documents/DaisyExamples/libdaisy/build\libdaisy.a(stm32h7xx_hal_dma.o)
 .debug_abbrev  0x000047d4      0x345 C:/Users/jason/Documents/DaisyExamples/libdaisy/build\libdaisy.a(stm32h7xx_hal_gpio.o)
 .debug_abbrev  0x00004b19      0x422 C:/Users/jason/Documents/DaisyExamples/libdaisy/build\libdaisy.a(stm32h7xx_hal_pwr_ex.o)
 .debug_abbrev  0x00004f3b      0x41a C:/Users/jason/Documents/DaisyExamples/libdaisy/build\libdaisy.a(stm32h7xx_hal_qspi.o)
 .debug_abbrev  0x00005355      0x3cb C:/Users/jason/Documents/DaisyExamples/libdaisy/build\libdaisy.a(stm32h7xx_hal_rcc.o)
 .debug_abbrev  0x00005720      0x40e C:/Users/jason/Documents/DaisyExamples/libdaisy/build\libdaisy.a(stm32h7xx_hal_rcc_ex.o)
 .debug_abbrev  0x00005b2e      0x41b C:/Users/jason/Documents/DaisyExamples/libdaisy/build\libdaisy.a(stm32h7xx_hal_sai.o)
 .debug_abbrev  0x00005f49      0x366 C:/Users/jason/Documents/DaisyExamples/libdaisy/build\libdaisy.a(stm32h7xx_hal_sdram.o)
 .debug_abbrev  0x000062af      0x46e C:/Users/jason/Documents/DaisyExamples/libdaisy/build\libdaisy.a(stm32h7xx_hal_tim.o)
 .debug_abbrev  0x0000671d      0x41a C:/Users/jason/Documents/DaisyExamples/libdaisy/build\libdaisy.a(stm32h7xx_hal_tim_ex.o)
 .debug_abbrev  0x00006b37      0x2cb C:/Users/jason/Documents/DaisyExamples/libdaisy/build\libdaisy.a(stm32h7xx_ll_fmc.o)
 .debug_abbrev  0x00006e02      0x246 C:/Users/jason/Documents/DaisyExamples/libdaisy/build\libdaisy.a(codec_ak4556.o)
 .debug_abbrev  0x00007048      0x998 C:/Users/jason/Documents/DaisyExamples/libdaisy/build\libdaisy.a(i2c.o)
 .debug_abbrev  0x000079e0      0x329 C:/Users/jason/Documents/DaisyExamples/libdaisy/build\libdaisy.a(dma.o)
 .debug_abbrev  0x00007d09      0x4da C:/Users/jason/Documents/DaisyExamples/libdaisy/build\libdaisy.a(stm32h7xx_hal_i2c.o)
 .debug_abbrev  0x000081e3      0x3d4 C:/Users/jason/Documents/DaisyExamples/libdaisy/build\libdaisy.a(stm32h7xx_hal_mdma.o)

.debug_loc      0x00000000    0x23ac5
 .debug_loc     0x00000000      0x4d1 C:/Users/jason/Documents/DaisyExamples/libdaisy/build\libdaisy.a(daisy_seed.o)
 .debug_loc     0x000004d1       0xe4 C:/Users/jason/Documents/DaisyExamples/libdaisy/build\libdaisy.a(sdram.o)
 .debug_loc     0x000005b5      0xc0f C:/Users/jason/Documents/DaisyExamples/libdaisy/build\libdaisy.a(audio.o)
 .debug_loc     0x000011c4       0x6c C:/Users/jason/Documents/DaisyExamples/libdaisy/build\libdaisy.a(gatein.o)
 .debug_loc     0x00001230      0xd84 C:/Users/jason/Documents/DaisyExamples/libdaisy/build\libdaisy.a(adc.o)
 .debug_loc     0x00001fb4      0x192 C:/Users/jason/Documents/DaisyExamples/libdaisy/build\libdaisy.a(gpio.o)
 .debug_loc     0x00002146      0xd7a C:/Users/jason/Documents/DaisyExamples/libdaisy/build\libdaisy.a(qspi.o)
 .debug_loc     0x00002ec0      0x963 C:/Users/jason/Documents/DaisyExamples/libdaisy/build\libdaisy.a(sai.o)
 .debug_loc     0x00003823       0xb3 C:/Users/jason/Documents/DaisyExamples/libdaisy/build\libdaisy.a(tim.o)
 .debug_loc     0x000038d6       0x88 C:/Users/jason/Documents/DaisyExamples/libdaisy/build\libdaisy.a(system.o)
 .debug_loc     0x0000395e       0x4a C:/Users/jason/Documents/DaisyExamples/libdaisy/build\libdaisy.a(hal_map.o)
 .debug_loc     0x000039a8      0x59e C:/Users/jason/Documents/DaisyExamples/libdaisy/build\libdaisy.a(stm32h7xx_hal.o)
 .debug_loc     0x00003f46     0x237f C:/Users/jason/Documents/DaisyExamples/libdaisy/build\libdaisy.a(stm32h7xx_hal_adc.o)
 .debug_loc     0x000062c5     0x2656 C:/Users/jason/Documents/DaisyExamples/libdaisy/build\libdaisy.a(stm32h7xx_hal_adc_ex.o)
 .debug_loc     0x0000891b      0x786 C:/Users/jason/Documents/DaisyExamples/libdaisy/build\libdaisy.a(stm32h7xx_hal_cortex.o)
 .debug_loc     0x000090a1     0x10f3 C:/Users/jason/Documents/DaisyExamples/libdaisy/build\libdaisy.a(stm32h7xx_hal_dma.o)
 .debug_loc     0x0000a194      0x454 C:/Users/jason/Documents/DaisyExamples/libdaisy/build\libdaisy.a(stm32h7xx_hal_gpio.o)
 .debug_loc     0x0000a5e8      0x467 C:/Users/jason/Documents/DaisyExamples/libdaisy/build\libdaisy.a(stm32h7xx_hal_pwr_ex.o)
 .debug_loc     0x0000aa4f     0x202d C:/Users/jason/Documents/DaisyExamples/libdaisy/build\libdaisy.a(stm32h7xx_hal_qspi.o)
 .debug_loc     0x0000ca7c      0x856 C:/Users/jason/Documents/DaisyExamples/libdaisy/build\libdaisy.a(stm32h7xx_hal_rcc.o)
 .debug_loc     0x0000d2d2     0x10df C:/Users/jason/Documents/DaisyExamples/libdaisy/build\libdaisy.a(stm32h7xx_hal_rcc_ex.o)
 .debug_loc     0x0000e3b1     0x2426 C:/Users/jason/Documents/DaisyExamples/libdaisy/build\libdaisy.a(stm32h7xx_hal_sai.o)
 .debug_loc     0x000107d7      0xf64 C:/Users/jason/Documents/DaisyExamples/libdaisy/build\libdaisy.a(stm32h7xx_hal_sdram.o)
 .debug_loc     0x0001173b     0x619a C:/Users/jason/Documents/DaisyExamples/libdaisy/build\libdaisy.a(stm32h7xx_hal_tim.o)